Added Component: Designator=C2(CAPACITOR_0603)
Add component (AddParameter): Name = "ComponentLink1Description"; Value = "Digikey"; VariantName = "[No Variations]"
Add component (AddParameter): Name = "ComponentLink1URL"; Value = "https://www.digikey.com/en/products/detail/samsung-electro-mechanics/CL10A106MQ8NNNC/3886777"; VariantName = "[No Variations]"
Add component (AddParameter): Name = "Made By"; Value = "Flip B"; VariantName = "[No Variations]"
Add component (AddParameter): Name = "Supplier 1"; Value = "Digi-Key"; VariantName = "[No Variations]"
Add component (AddParameter): Name = "Supplier Part Number 1"; Value = "1276-1119-1-ND"; VariantName = "[No Variations]"
Add component (AddParameter): Name = "Tolerance"; Value = "+/- 20%"; VariantName = "[No Variations]"
Add component (AddParameter): Name = "Value (uF)"; Value = "10 uF"; VariantName = "[No Variations]"
Add component (AddParameter): Name = "Verified By"; Value = ""; VariantName = "[No Variations]"
Add component (AddParameter): Name = "Voltage"; Value = "6.3V"; VariantName = "[No Variations]"
Added Component: Designator=C3(CAPACITOR_0603)
Add component (AddParameter): Name = "ComponentLink1Description"; Value = "Digikey"; VariantName = "[No Variations]"
Add component (AddParameter): Name = "ComponentLink1URL"; Value = "https://www.digikey.com/en/products/detail/samsung-electro-mechanics/CL10A106MQ8NNNC/3886777"; VariantName = "[No Variations]"
Add component (AddParameter): Name = "Made By"; Value = "Flip B"; VariantName = "[No Variations]"
Add component (AddParameter): Name = "Supplier 1"; Value = "Digi-Key"; VariantName = "[No Variations]"
Add component (AddParameter): Name = "Supplier Part Number 1"; Value = "1276-1119-1-ND"; VariantName = "[No Variations]"
Add component (AddParameter): Name = "Tolerance"; Value = "+/- 20%"; VariantName = "[No Variations]"
Add component (AddParameter): Name = "Value (uF)"; Value = "10 uF"; VariantName = "[No Variations]"
Add component (AddParameter): Name = "Verified By"; Value = ""; VariantName = "[No Variations]"
Add component (AddParameter): Name = "Voltage"; Value = "6.3V"; VariantName = "[No Variations]"
Added Component: Designator=C6(CAPACITOR_0603)
Add component (AddParameter): Name = "ComponentLink1Description"; Value = "Digikey"; VariantName = "[No Variations]"
Add component (AddParameter): Name = "ComponentLink1URL"; Value = "https://www.digikey.com/en/products/detail/samsung-electro-mechanics/CL10A106MQ8NNNC/3886777"; VariantName = "[No Variations]"
Add component (AddParameter): Name = "Made By"; Value = "Flip B"; VariantName = "[No Variations]"
Add component (AddParameter): Name = "Supplier 1"; Value = "Digi-Key"; VariantName = "[No Variations]"
Add component (AddParameter): Name = "Supplier Part Number 1"; Value = "1276-1119-1-ND"; VariantName = "[No Variations]"
Add component (AddParameter): Name = "Tolerance"; Value = "+/- 20%"; VariantName = "[No Variations]"
Add component (AddParameter): Name = "Value (uF)"; Value = "10 uF"; VariantName = "[No Variations]"
Add component (AddParameter): Name = "Verified By"; Value = ""; VariantName = "[No Variations]"
Add component (AddParameter): Name = "Voltage"; Value = "6.3V"; VariantName = "[No Variations]"
Added Component: Designator=C7(CAPACITOR_0603)
Add component (AddParameter): Name = "ComponentLink1Description"; Value = "Digikey"; VariantName = "[No Variations]"
Add component (AddParameter): Name = "ComponentLink1URL"; Value = "https://www.digikey.com/en/products/detail/samsung-electro-mechanics/CL10A106MQ8NNNC/3886777"; VariantName = "[No Variations]"
Add component (AddParameter): Name = "Made By"; Value = "Flip B"; VariantName = "[No Variations]"
Add component (AddParameter): Name = "Supplier 1"; Value = "Digi-Key"; VariantName = "[No Variations]"
Add component (AddParameter): Name = "Supplier Part Number 1"; Value = "1276-1119-1-ND"; VariantName = "[No Variations]"
Add component (AddParameter): Name = "Tolerance"; Value = "+/- 20%"; VariantName = "[No Variations]"
Add component (AddParameter): Name = "Value (uF)"; Value = "10 uF"; VariantName = "[No Variations]"
Add component (AddParameter): Name = "Verified By"; Value = ""; VariantName = "[No Variations]"
Add component (AddParameter): Name = "Voltage"; Value = "6.3V"; VariantName = "[No Variations]"
Added Component: Designator=D3(LED_0603)
Add component (AddParameter): Name = "Color"; Value = "Green"; VariantName = "[No Variations]"
Add component (AddParameter): Name = "ComponentLink1Description"; Value = "Datasheet"; VariantName = "[No Variations]"
Add component (AddParameter): Name = "ComponentLink1URL"; Value = "https://www.we-online.de/katalog/datasheet/150060GS75000.pdf"; VariantName = "[No Variations]"
Add component (AddParameter): Name = "Forward Current"; Value = "25mA"; VariantName = "[No Variations]"
Add component (AddParameter): Name = "Forward Voltage"; Value = "3.2V"; VariantName = "[No Variations]"
Add component (AddParameter): Name = "Made By"; Value = "Flip B"; VariantName = "[No Variations]"
Add component (AddParameter): Name = "Package"; Value = "0603"; VariantName = "[No Variations]"
Add component (AddParameter): Name = "Supplier 1"; Value = "Digi-Key"; VariantName = "[No Variations]"
Add component (AddParameter): Name = "Supplier Part Number 1"; Value = "732-4971-1-ND"; VariantName = "[No Variations]"
Add component (AddParameter): Name = "Verified By"; Value = ""; VariantName = "[No Variations]"
Added Component: Designator=J6(CONN_MOLEX_MICROFIT+_6_POS_R/A)
Add component (AddParameter): Name = "Color"; Value = "Black"; VariantName = "[No Variations]"
Add component (AddParameter): Name = "Configuration"; Value = "R/A"; VariantName = "[No Variations]"
Add component (AddParameter): Name = "Current Per Pin"; Value = "12.5"; VariantName = "[No Variations]"
Add component (AddParameter): Name = "Manufacturer"; Value = "Molex"; VariantName = "[No Variations]"
Add component (AddParameter): Name = "Pitch"; Value = "3.0mm"; VariantName = "[No Variations]"
Add component (AddParameter): Name = "Supplier 1"; Value = "Digikey"; VariantName = "[No Variations]"
Add component (AddParameter): Name = "Supplier Part Number 1"; Value = "900-2125280600-ND"; VariantName = "[No Variations]"
Added Component: Designator=J11(CONN_MINIUSB)
Add component (AddParameter): Name = "Color"; Value = "Silver"; VariantName = "[No Variations]"
Add component (AddParameter): Name = "ComponentLink1Description"; Value = "Datasheet"; VariantName = "[No Variations]"
Add component (AddParameter): Name = "ComponentLink1URL"; Value = "https://cdn.amphenol-icc.com/media/wysiwyg/files/documentation/datasheet/inputoutput/io_usb_micro.pdf?__cf_chl_jschl_tk__=05693735e19256298f6ef6ca2bb2e65c376a4f56-1625503833-0-Abitsb0-ufjOXJYs_S3J3r2iTn-nObalbmXUksF1VvO_h_WEmRdMlUD1I8-hmWSEVWzY1pirKnrPZWfgY3851qyBZe5ZvnNQePLGIzUgdEIQBVUyW36RsbYpDLEWxJ4horD-5gChFgobLYqwmG5aHl0E8lIn_twwPPrOxilK2gP0q9t_CNOs_u5fMqXvXUrlsOv8tIE2NRlu6NVP8qtkL2GjhlkeTUbDMF8WvvpPDTFOgvZ4Y16Ej8F8AhWos88mo5B1HssXozw0XrkJQIqERITUu6rqloz9kf4ZzhBHtDAt-IkiAFY_Ds9SW8FYKKTtINJVpHZQ6Gyu1FFM4Dc9MO0maE8_mmNcwlxqyRoRk_MPWW8VyByXWM5RSp52jteRKw7FeI9WIYvCbPAOy0Eyib-aseIQsnGbglBcUY6_2xp8GYaJM38H3dNvBPsSOfJBPndKedwKHllxjkucXn6xsN0sDXkpGN-cu8_2bDTJ0g-uUucKSCooYX-ApSDNGpkA_p9zv1SOAD8c0zaZVmtiBsN75QpVz2rzq9_BFxOywPvR"; VariantName = "[No Variations]"
Add component (AddParameter): Name = "Configuration"; Value = "Right Angle"; VariantName = "[No Variations]"
Add component (AddParameter): Name = "Created By"; Value = "Flip B"; VariantName = "[No Variations]"
Add component (AddParameter): Name = "Current Per Pin"; Value = "1.8A"; VariantName = "[No Variations]"
Add component (AddParameter): Name = "Manufacturer"; Value = "Amphenol"; VariantName = "[No Variations]"
Add component (AddParameter): Name = "Number of Positions"; Value = "5"; VariantName = "[No Variations]"
Add component (AddParameter): Name = "Pitch"; Value = "0.65mm"; VariantName = "[No Variations]"
Add component (AddParameter): Name = "Series"; Value = "10118192"; VariantName = "[No Variations]"
Add component (AddParameter): Name = "Supplier 1"; Value = "Digi-Key"; VariantName = "[No Variations]"
Add component (AddParameter): Name = "Supplier Part Number 1"; Value = "609-4613-1-ND"; VariantName = "[No Variations]"
Add component (AddParameter): Name = "Verified By"; Value = ""; VariantName = "[No Variations]"
Added Component: Designator=J12(HEADER_2X5PIN_2.54MM)
Add component (AddParameter): Name = "Made By"; Value = "Robert Pafford"; VariantName = "[No Variations]"
Add component (AddParameter): Name = "Supplier 1"; Value = "Digi-Key"; VariantName = "[No Variations]"
Add component (AddParameter): Name = "Supplier Part Number 1"; Value = "732-2672-ND"; VariantName = "[No Variations]"
Added Component: Designator=R7(RESISTOR_0603)
Add component (AddParameter): Name = "ComponentLink1Description"; Value = "Datasheet"; VariantName = "[No Variations]"
Add component (AddParameter): Name = "ComponentLink1URL"; Value = "https://www.bourns.com/docs/product-datasheets/CRxxxxx.pdf"; VariantName = "[No Variations]"
Add component (AddParameter): Name = "Digikey Part Numer"; Value = "CR0603-JW-104ELFTR-ND"; VariantName = "[No Variations]"
Add component (AddParameter): Name = "Made By"; Value = "Robert Pafford"; VariantName = "[No Variations]"
Add component (AddParameter): Name = "Supplier"; Value = "Digikey"; VariantName = "[No Variations]"
Add component (AddParameter): Name = "Supplier 1"; Value = "Digi-Key"; VariantName = "[No Variations]"
Add component (AddParameter): Name = "Supplier Part Number 1"; Value = "541-RCS060362R0FKEACT-ND"; VariantName = "[No Variations]"
Add component (AddParameter): Name = "Tolerance"; Value = "+/- 1%"; VariantName = "[No Variations]"
Add component (AddParameter): Name = "Value  (Ohms)"; Value = "62"; VariantName = "[No Variations]"
Add component (AddParameter): Name = "Verified By"; Value = ""; VariantName = "[No Variations]"
Add component (AddParameter): Name = "Wattage"; Value = "1/4W"; VariantName = "[No Variations]"
Added Component: Designator=SB1(RESISTOR_0603)
Add component (AddParameter): Name = "ComponentLink1Description"; Value = "Digikey"; VariantName = "[No Variations]"
Add component (AddParameter): Name = "ComponentLink1URL"; Value = "https://www.digikey.com/en/products/detail/koa-speer-electronics-inc/RK73B1JTTD101J/9844701"; VariantName = "[No Variations]"
Add component (AddParameter): Name = "Made By"; Value = "Robert Pafford"; VariantName = "[No Variations]"
Add component (AddParameter): Name = "Value  (Ohms)"; Value = "0"; VariantName = "[No Variations]"
Add component (AddParameter): Name = "Verified By"; Value = ""; VariantName = "[No Variations]"
Added Component: Designator=U1(SOT-223-4)
Add component (AddParameter): Name = "Arrow_Electronics-Purchase-URL"; Value = "https://snapeda.com/shop?store=Arrow+Electronics&id=410186"; VariantName = "[No Variations]"
Add component (AddParameter): Name = "Availability"; Value = "Good"; VariantName = "[No Variations]"
Add component (AddParameter): Name = "DigiKey-Purchase-URL"; Value = "https://snapeda.com/shop?store=DigiKey&id=410186"; VariantName = "[No Variations]"
Add component (AddParameter): Name = "MF"; Value = "Texas Instruments"; VariantName = "[No Variations]"
Add component (AddParameter): Name = "Mouser-Purchase-URL"; Value = "https://snapeda.com/shop?store=Mouser&id=410186"; VariantName = "[No Variations]"
Add component (AddParameter): Name = "MP"; Value = "LM1117IMPX-3.3/NOPB"; VariantName = "[No Variations]"
Add component (AddParameter): Name = "Package"; Value = "SOT-223-4 Texas Instruments"; VariantName = "[No Variations]"
Add component (AddParameter): Name = "Price"; Value = "None"; VariantName = "[No Variations]"
Add component (AddParameter): Name = "SnapEDA_Link"; Value = "https://www.snapeda.com/parts/LM1117IMPX-3.3/NOPB/Texas%20Instruments/view-part/410186/?ref=snap"; VariantName = "[No Variations]"
Add component (AddParameter): Name = "Texas_Instruments-Purchase-URL"; Value = "https://snapeda.com/shop?store=Texas+Instruments&id=410186"; VariantName = "[No Variations]"
Add component (AddParameter): Name = "Value"; Value = ""; VariantName = "[No Variations]"
Added Pin To Net: NetName=3V3 Pin=C1C-1
Added Pin To Net: NetName=dGND Pin=C1C-2
Added Pin To Net: NetName=XIN_RP2040 Pin=C1R-1
Added Pin To Net: NetName=dGND Pin=C1R-2
Added Pin To Net: NetName=3V3 Pin=C2-1
Added Pin To Net: NetName=dGND Pin=C2-2
Added Pin To Net: NetName=dGND Pin=C2C-1
Added Pin To Net: NetName=NetC2C_2 Pin=C2C-2
Added Pin To Net: NetName=NetC2R_1 Pin=C2R-1
Added Pin To Net: NetName=dGND Pin=C2R-2
Added Pin To Net: NetName=3V3 Pin=C3-1
Added Pin To Net: NetName=dGND Pin=C3-2
Added Pin To Net: NetName=3V3 Pin=C3C-1
Added Pin To Net: NetName=dGND Pin=C3C-2
Added Pin To Net: NetName=3V3 Pin=C3R-1
Added Pin To Net: NetName=dGND Pin=C3R-2
Added Pin To Net: NetName=5V Pin=C4C-1
Added Pin To Net: NetName=dGND Pin=C4C-2
Added Pin To Net: NetName=3V3 Pin=C4R-1
Added Pin To Net: NetName=dGND Pin=C4R-2
Added Pin To Net: NetName=3V3 Pin=C5C-1
Added Pin To Net: NetName=dGND Pin=C5C-2
Added Pin To Net: NetName=3V3 Pin=C5R-1
Added Pin To Net: NetName=dGND Pin=C5R-2
Added Pin To Net: NetName=5V Pin=C6-1
Added Pin To Net: NetName=dGND Pin=C6-2
Added Pin To Net: NetName=3V3 Pin=C6R-1
Added Pin To Net: NetName=dGND Pin=C6R-2
Added Pin To Net: NetName=3V3 Pin=C7-1
Added Pin To Net: NetName=dGND Pin=C7-2
Added Pin To Net: NetName=3V3 Pin=C7R-1
Added Pin To Net: NetName=dGND Pin=C7R-2
Added Pin To Net: NetName=3V3 Pin=C8R-1
Added Pin To Net: NetName=dGND Pin=C8R-2
Added Pin To Net: NetName=3V3 Pin=C9R-1
Added Pin To Net: NetName=dGND Pin=C9R-2
Added Pin To Net: NetName=3V3 Pin=C10R-1
Added Pin To Net: NetName=dGND Pin=C10R-2
Added Pin To Net: NetName=1v1_RP2040 Pin=C11R-1
Added Pin To Net: NetName=dGND Pin=C11R-2
Added Pin To Net: NetName=1v1_RP2040 Pin=C12R-1
Added Pin To Net: NetName=dGND Pin=C12R-2
Added Pin To Net: NetName=1v1_RP2040 Pin=C13R-1
Added Pin To Net: NetName=dGND Pin=C13R-2
Added Pin To Net: NetName=NetD1C_1 Pin=D1C-1
Added Pin To Net: NetName=NetD1C_2 Pin=D1C-2
Added Pin To Net: NetName=NetD1C_3 Pin=D1C-3
Added Pin To Net: NetName=3V3 Pin=D1C-4
Added Pin To Net: NetName=NetD3_1 Pin=D3-1
Added Pin To Net: NetName=dGND Pin=D3-2
Added Pin To Net: NetName=SWDIO_RP2040 Pin=J1R-1
Added Pin To Net: NetName=3V3 Pin=J1R-2
Added Pin To Net: NetName=SWCLK_RP2040 Pin=J1R-3
Added Pin To Net: NetName=RUN_RP2040 Pin=J1R-4
Added Pin To Net: NetName=DBG_TX_RP2040 Pin=J1R-5
Added Pin To Net: NetName=dGND Pin=J1R-6
Added Pin To Net: NetName=dGND Pin=J6-1
Added Pin To Net: NetName=CANL Pin=J6-2
Added Pin To Net: NetName=CANL Pin=J6-3
Added Pin To Net: NetName=5V Pin=J6-4
Added Pin To Net: NetName=CANH Pin=J6-5
Added Pin To Net: NetName=CANH Pin=J6-6
Added Pin To Net: NetName=USB_N Pin=J11-2
Added Pin To Net: NetName=USB_P Pin=J11-3
Added Pin To Net: NetName=dGND Pin=J11-5
Added Pin To Net: NetName=dGND Pin=J11-6
Added Pin To Net: NetName=dGND Pin=J11-7
Added Pin To Net: NetName=dGND Pin=J11-8
Added Pin To Net: NetName=dGND Pin=J11-9
Added Pin To Net: NetName=dGND Pin=J12-1
Added Pin To Net: NetName=3V3 Pin=J12-2
Added Pin To Net: NetName=ESC4_PWM Pin=J12-3
Added Pin To Net: NetName=ESC1_TELEM Pin=J12-4
Added Pin To Net: NetName=ESC4_TELEM Pin=J12-5
Added Pin To Net: NetName=ESC1_PWM Pin=J12-6
Added Pin To Net: NetName=ESC3_PWM Pin=J12-7
Added Pin To Net: NetName=ESC2_TELEM Pin=J12-8
Added Pin To Net: NetName=ESC3_TELEM Pin=J12-9
Added Pin To Net: NetName=ESC2_PWM Pin=J12-10
Added Pin To Net: NetName=3V3 Pin=R1C-1
Added Pin To Net: NetName=TERM_DET_RP2CAN Pin=R1C-2
Added Pin To Net: NetName=XOUT_RP2040 Pin=R1R-1
Added Pin To Net: NetName=NetC2R_1 Pin=R1R-2
Added Pin To Net: NetName=NetR2C_1 Pin=R2C-1
Added Pin To Net: NetName=NetC2C_2 Pin=R2C-2
Added Pin To Net: NetName=USB_P Pin=R2R-1
Added Pin To Net: NetName=USB_RP2040_P Pin=R2R-2
Added Pin To Net: NetName=NetR3C_1 Pin=R3C-1
Added Pin To Net: NetName=NetC2C_2 Pin=R3C-2
Added Pin To Net: NetName=USB_N Pin=R3R-1
Added Pin To Net: NetName=USB_RP2040_N Pin=R3R-2
Added Pin To Net: NetName=3V3 Pin=R4C-1
Added Pin To Net: NetName=nCS_RP2CAN Pin=R4C-2
Added Pin To Net: NetName=3V3 Pin=R4R-1
Added Pin To Net: NetName=RUN_RP2040 Pin=R4R-2
Added Pin To Net: NetName=LEDR_RP2CAN Pin=R5C-1
Added Pin To Net: NetName=NetD1C_1 Pin=R5C-2
Added Pin To Net: NetName=3V3 Pin=R5R-1
Added Pin To Net: NetName=QSPI_SS_RP2040 Pin=R5R-2
Added Pin To Net: NetName=NetR6C_1 Pin=R6C-1
Added Pin To Net: NetName=dGND Pin=R6C-2
Added Pin To Net: NetName=NetR6R_1 Pin=R6R-1
Added Pin To Net: NetName=RUN_RP2040 Pin=R6R-2
Added Pin To Net: NetName=NetD3_1 Pin=R7-1
Added Pin To Net: NetName=3V3 Pin=R7-2
Added Pin To Net: NetName=LEDG_RP2CAN Pin=R7C-1
Added Pin To Net: NetName=NetD1C_2 Pin=R7C-2
Added Pin To Net: NetName=NetR7R_1 Pin=R7R-1
Added Pin To Net: NetName=QSPI_SS_RP2040 Pin=R7R-2
Added Pin To Net: NetName=LEDB_RP2CAN Pin=R8C-1
Added Pin To Net: NetName=NetD1C_3 Pin=R8C-2
Added Pin To Net: NetName=NetSB1_1 Pin=SB1-1
Added Pin To Net: NetName=3V3 Pin=SB1-2
Added Pin To Net: NetName=CANL Pin=SW1C-1
Added Pin To Net: NetName=NetR2C_1 Pin=SW1C-2
Added Pin To Net: NetName=TERM_DET_RP2CAN Pin=SW1C-3
Added Pin To Net: NetName=CANH Pin=SW1C-4
Added Pin To Net: NetName=NetR3C_1 Pin=SW1C-5
Added Pin To Net: NetName=dGND Pin=SW1C-6
Added Pin To Net: NetName=NetR6R_1 Pin=SW1R-A2
Added Pin To Net: NetName=dGND Pin=SW1R-B1
Added Pin To Net: NetName=dGND Pin=SW1R-B2
Added Pin To Net: NetName=NetR7R_1 Pin=SW2R-A1
Added Pin To Net: NetName=dGND Pin=SW2R-B1
Added Pin To Net: NetName=dGND Pin=SW2R-B2
Added Pin To Net: NetName=dGND Pin=U1-1
Added Pin To Net: NetName=3V3 Pin=U1-2
Added Pin To Net: NetName=5V Pin=U1-3
Added Pin To Net: NetName=3V3 Pin=U1-4
Added Pin To Net: NetName=CANTX_RP2CAN Pin=U1C-1
Added Pin To Net: NetName=CANRX_RP2CAN Pin=U1C-2
Added Pin To Net: NetName=INT_RP2CAN Pin=U1C-4
Added Pin To Net: NetName=CANCLK_RP2CAN Pin=U1C-6
Added Pin To Net: NetName=dGND Pin=U1C-7
Added Pin To Net: NetName=TERM_DET_RP2CAN Pin=U1C-9
Added Pin To Net: NetName=SCK_RP2CAN Pin=U1C-10
Added Pin To Net: NetName=MOSI_RP2CAN Pin=U1C-11
Added Pin To Net: NetName=MISO_RP2CAN Pin=U1C-12
Added Pin To Net: NetName=nCS_RP2CAN Pin=U1C-13
Added Pin To Net: NetName=3V3 Pin=U1C-14
Added Pin To Net: NetName=3V3 Pin=U1R-1
Added Pin To Net: NetName=ESC4_PWM Pin=U1R-2
Added Pin To Net: NetName=ESC4_TELEM Pin=U1R-3
Added Pin To Net: NetName=ESC2_PWM Pin=U1R-4
Added Pin To Net: NetName=ESC2_TELEM Pin=U1R-5
Added Pin To Net: NetName=ESC3_PWM Pin=U1R-6
Added Pin To Net: NetName=ESC3_TELEM Pin=U1R-7
Added Pin To Net: NetName=ESC1_PWM Pin=U1R-8
Added Pin To Net: NetName=ESC1_TELEM Pin=U1R-9
Added Pin To Net: NetName=3V3 Pin=U1R-10
Added Pin To Net: NetName=NetU1R_11 Pin=U1R-11
Added Pin To Net: NetName=NetU1R_12 Pin=U1R-12
Added Pin To Net: NetName=NetU1R_13 Pin=U1R-13
Added Pin To Net: NetName=NetU1R_14 Pin=U1R-14
Added Pin To Net: NetName=NetU1R_15 Pin=U1R-15
Added Pin To Net: NetName=LEDR_RP2CAN Pin=U1R-16
Added Pin To Net: NetName=LEDG_RP2CAN Pin=U1R-17
Added Pin To Net: NetName=LEDB_RP2CAN Pin=U1R-18
Added Pin To Net: NetName=dGND Pin=U1R-19
Added Pin To Net: NetName=XIN_RP2040 Pin=U1R-20
Added Pin To Net: NetName=XOUT_RP2040 Pin=U1R-21
Added Pin To Net: NetName=3V3 Pin=U1R-22
Added Pin To Net: NetName=1v1_RP2040 Pin=U1R-23
Added Pin To Net: NetName=SWCLK_RP2040 Pin=U1R-24
Added Pin To Net: NetName=SWDIO_RP2040 Pin=U1R-25
Added Pin To Net: NetName=RUN_RP2040 Pin=U1R-26
Added Pin To Net: NetName=DBG_TX_RP2040 Pin=U1R-27
Added Pin To Net: NetName=nCS_RP2CAN Pin=U1R-28
Added Pin To Net: NetName=SCK_RP2CAN Pin=U1R-29
Added Pin To Net: NetName=MOSI_RP2CAN Pin=U1R-30
Added Pin To Net: NetName=MISO_RP2CAN Pin=U1R-31
Added Pin To Net: NetName=CANCLK_RP2CAN Pin=U1R-32
Added Pin To Net: NetName=3V3 Pin=U1R-33
Added Pin To Net: NetName=INT_RP2CAN Pin=U1R-34
Added Pin To Net: NetName=NetU1R_35 Pin=U1R-35
Added Pin To Net: NetName=NetU1R_36 Pin=U1R-36
Added Pin To Net: NetName=NetU1R_37 Pin=U1R-37
Added Pin To Net: NetName=NetU1R_38 Pin=U1R-38
Added Pin To Net: NetName=NetU1R_39 Pin=U1R-39
Added Pin To Net: NetName=VCC_MEAS Pin=U1R-40
Added Pin To Net: NetName=NetSB1_1 Pin=U1R-41
Added Pin To Net: NetName=3V3 Pin=U1R-42
Added Pin To Net: NetName=3V3 Pin=U1R-43
Added Pin To Net: NetName=3V3 Pin=U1R-44
Added Pin To Net: NetName=1v1_RP2040 Pin=U1R-45
Added Pin To Net: NetName=USB_RP2040_N Pin=U1R-46
Added Pin To Net: NetName=USB_RP2040_P Pin=U1R-47
Added Pin To Net: NetName=3V3 Pin=U1R-48
Added Pin To Net: NetName=3V3 Pin=U1R-49
Added Pin To Net: NetName=1v1_RP2040 Pin=U1R-50
Added Pin To Net: NetName=QSPI_SD3_RP2040 Pin=U1R-51
Added Pin To Net: NetName=QSPI_SCLK_RP2040 Pin=U1R-52
Added Pin To Net: NetName=QSPI_SD0_RP2040 Pin=U1R-53
Added Pin To Net: NetName=QSPI_SD2_RP2040 Pin=U1R-54
Added Pin To Net: NetName=QSPI_SD1_RP2040 Pin=U1R-55
Added Pin To Net: NetName=QSPI_SS_RP2040 Pin=U1R-56
Added Pin To Net: NetName=dGND Pin=U1R-57
Added Pin To Net: NetName=CANTX_RP2CAN Pin=U2C-1
Added Pin To Net: NetName=dGND Pin=U2C-2
Added Pin To Net: NetName=5V Pin=U2C-3
Added Pin To Net: NetName=CANRX_RP2CAN Pin=U2C-4
Added Pin To Net: NetName=3V3 Pin=U2C-5
Added Pin To Net: NetName=CANL Pin=U2C-6
Added Pin To Net: NetName=CANH Pin=U2C-7
Added Pin To Net: NetName=NetR6C_1 Pin=U2C-8
Added Pin To Net: NetName=QSPI_SS_RP2040 Pin=U2R-1
Added Pin To Net: NetName=QSPI_SD1_RP2040 Pin=U2R-2
Added Pin To Net: NetName=QSPI_SD2_RP2040 Pin=U2R-3
Added Pin To Net: NetName=dGND Pin=U2R-4
Added Pin To Net: NetName=QSPI_SD0_RP2040 Pin=U2R-5
Added Pin To Net: NetName=QSPI_SCLK_RP2040 Pin=U2R-6
Added Pin To Net: NetName=QSPI_SD3_RP2040 Pin=U2R-7
Added Pin To Net: NetName=3V3 Pin=U2R-8
Added Pin To Net: NetName=XIN_RP2040 Pin=Y1R-1
Added Pin To Net: NetName=dGND Pin=Y1R-2
Added Pin To Net: NetName=NetC2R_1 Pin=Y1R-3
Added Pin To Net: NetName=dGND Pin=Y1R-4
Added Member To Class: ClassName=U_RP2040_with_CAN Member=Component C1C 100nF Ceramic 25V
Added Member To Class: ClassName=U_RP2040_C Member=Component C1R 27pF Ceramic 50V
Added Member To Class: ClassName=U_RP2040_with_CAN Member=Component C2C 4700pF Ceramic 25V
Added Member To Class: ClassName=U_RP2040_C Member=Component C2R 27pF Ceramic 50V
Added Member To Class: ClassName=ESC Member=Component C2 10uF Ceramic 6.3V
Added Member To Class: ClassName=U_RP2040_with_CAN Member=Component C3C 100nF Ceramic 25V
Added Member To Class: ClassName=U_RP2040_C Member=Component C3R 100nF Ceramic 6.3V
Added Member To Class: ClassName=ESC Member=Component C3 10uF Ceramic 6.3V
Added Member To Class: ClassName=U_RP2040_with_CAN Member=Component C4C 100nF Ceramic 25V
Added Member To Class: ClassName=U_RP2040_C Member=Component C4R 1uF Ceramic 16V
Added Member To Class: ClassName=U_RP2040_with_CAN Member=Component C5C 1uF Ceramic 16V
Added Member To Class: ClassName=U_RP2040_C Member=Component C5R 100nF Ceramic 6.3V
Added Member To Class: ClassName=U_RP2040_C Member=Component C6R 100nF Ceramic 6.3V
Added Member To Class: ClassName=ESC Member=Component C6 10uF Ceramic 6.3V
Added Member To Class: ClassName=U_RP2040_C Member=Component C7R 100nF Ceramic 6.3V
Added Member To Class: ClassName=ESC Member=Component C7 10uF Ceramic 6.3V
Added Member To Class: ClassName=U_RP2040_C Member=Component C8R 100nF Ceramic 6.3V
Added Member To Class: ClassName=U_RP2040_C Member=Component C9R 100nF Ceramic 6.3V
Added Member To Class: ClassName=U_RP2040_C Member=Component C10R 100nF Ceramic 6.3V
Added Member To Class: ClassName=U_RP2040_C Member=Component C11R 1uF Ceramic 16V
Added Member To Class: ClassName=U_RP2040_C Member=Component C12R 100nF Ceramic 6.3V
Added Member To Class: ClassName=U_RP2040_C Member=Component C13R 100nF Ceramic 6.3V
Added Member To Class: ClassName=U_RP2040_with_CAN Member=Component D1C EAST1616RGBB4
Added Member To Class: ClassName=ESC Member=Component D3 150060GS75000
Added Member To Class: ClassName=U_RP2040_C Member=Component J1R TagConnect SWD
Added Member To Class: ClassName=ESC Member=Component J6 Microfit+ R/A
Added Member To Class: ClassName=ESC Member=Component J11 USB_MICRO R/A
Added Member To Class: ClassName=ESC Member=Component J12 HEADER DUAL VERT 2.54MM
Added Member To Class: ClassName=U_RP2040_with_CAN Member=Component R1C 10k Ohm 1% 1/16W
Added Member To Class: ClassName=U_RP2040_C Member=Component R1R 1k Ohm 1% 1/16W
Added Member To Class: ClassName=U_RP2040_with_CAN Member=Component R2C 60.4 Ohm 1% 1/16W
Added Member To Class: ClassName=U_RP2040_C Member=Component R2R 27 Ohm 1% 1/16W
Added Member To Class: ClassName=U_RP2040_with_CAN Member=Component R3C 60.4 Ohm 1% 1/16W
Added Member To Class: ClassName=U_RP2040_C Member=Component R3R 27 Ohm 1% 1/16W
Added Member To Class: ClassName=U_RP2040_with_CAN Member=Component R4C 10k Ohm 1% 1/16W
Added Member To Class: ClassName=U_RP2040_C Member=Component R4R 10k Ohm 1% 1/16W
Added Member To Class: ClassName=U_RP2040_with_CAN Member=Component R5C 604 Ohm 1% 1/16W
Added Member To Class: ClassName=U_RP2040_C Member=Component R5R 10k Ohm 1% 1/16W
Added Member To Class: ClassName=U_RP2040_with_CAN Member=Component R6C 10k Ohm 1% 1/16W
Added Member To Class: ClassName=U_RP2040_C Member=Component R6R 1k Ohm 1% 1/16W
Added Member To Class: ClassName=U_RP2040_with_CAN Member=Component R7C 200 Ohm 1% 1/16W
Added Member To Class: ClassName=U_RP2040_C Member=Component R7R 1k Ohm 1% 1/16W
Added Member To Class: ClassName=ESC Member=Component R7 62 Ohm 1% 1/4W
Added Member To Class: ClassName=U_RP2040_with_CAN Member=Component R8C 200 Ohm 1% 1/16W
Added Member To Class: ClassName=ESC Member=Component SB1 0 Ohm Jumper No Fit
Added Member To Class: ClassName=U_RP2040_with_CAN Member=Component SW1C Switch DPDT
Added Member To Class: ClassName=U_RP2040_C Member=Component SW1R 434123025826
Added Member To Class: ClassName=U_RP2040_C Member=Component SW2R 434123025826
Added Member To Class: ClassName=U_RP2040_with_CAN Member=Component U1C MCP2517FD
Added Member To Class: ClassName=U_RP2040_C Member=Component U1R RP2040
Added Member To Class: ClassName=ESC Member=Component U1 LM1117IMPX-3.3/NOPB
Added Member To Class: ClassName=U_RP2040_with_CAN Member=Component U2C CAN Transceiver
Added Member To Class: ClassName=U_RP2040_C Member=Component U2R W25Q128JVSIQ
Added Member To Class: ClassName=U_RP2040_C Member=Component Y1R CRYSTAL 12.0000MHZ 18PF SMD
