Removed Pin From Net: NetName=3V3_RP2CAN Pin=J1-1
Removed Pin From Net: NetName=5V Pin=J1-2
Removed Pin From Net: NetName=CANH Pin=J1-3
Removed Pin From Net: NetName=CANL Pin=J1-4
Removed Pin From Net: NetName=USB_N Pin=J2-2
Removed Pin From Net: NetName=USB_P Pin=J2-3
Removed Pin From Net: NetName=GND_RP2CAN Pin=J2-5
Change Component Footprint: Designator=J2 Old Footprint=CONN_MINIUSB New Footprint=Redcube M4 Term 85A
Change Component Footprint: Designator=J1 Old Footprint=HEADER_4PIN_2.54MM New Footprint=Redcube M4 Term 85A
Change Component Comment : Designator=J1 Old Comment=HEADER VERT 2.54MM New Comment=Redcube M4 Term 85A
Change Component Comment : Designator=J2 Old Comment=USB_MICRO R/A New Comment=Redcube M4 Term 85A
Change component parameters: Designator = "J1" ("J1"); Footprint = "HEADER_4PIN_2.54MM"; UniqueID = "\OSOPSZBA" ("\OSOPSZBA")
Change component parameters (AddParameter): Name = "Created By"; Value = "Nahtan Ayer"; VariantName = "[No Variations]"
Change component parameters (AddParameter): Name = "Current Rating"; Value = "85 A"; VariantName = "[No Variations]"
Change component parameters (AddParameter): Name = "Screw Size"; Value = "M4"; VariantName = "[No Variations]"
Change component parameters: Designator = "J2" ("J2"); Footprint = "CONN_MINIUSB"; UniqueID = "\KIEUNMDJ" ("\KIEUNMDJ")
Change component parameters (AddParameter): Name = "Created By"; Value = "Nahtan Ayer"; VariantName = "[No Variations]"
Change component parameters (AddParameter): Name = "Current Rating"; Value = "85 A"; VariantName = "[No Variations]"
Change component parameters (AddParameter): Name = "Screw Size"; Value = "M4"; VariantName = "[No Variations]"
Added Component: Designator=C1(CAPACITOR_0603)
Add component (AddParameter): Name = "Made By"; Value = "Flip B"; VariantName = "[No Variations]"
Add component (AddParameter): Name = "Supplier 1"; Value = "Digi-Key"; VariantName = "[No Variations]"
Add component (AddParameter): Name = "Supplier Part Number 1"; Value = "399-7847-1-ND"; VariantName = "[No Variations]"
Add component (AddParameter): Name = "Tolerance"; Value = "+/- 10%"; VariantName = "[No Variations]"
Add component (AddParameter): Name = "Value"; Value = "1uF"; VariantName = "[No Variations]"
Add component (AddParameter): Name = "Verified By"; Value = ""; VariantName = "[No Variations]"
Add component (AddParameter): Name = "Voltage"; Value = "16V"; VariantName = "[No Variations]"
Added Component: Designator=C2(CAPACITOR_0603)
Add component (AddParameter): Name = "ComponentLink1Description"; Value = "Digikey"; VariantName = "[No Variations]"
Add component (AddParameter): Name = "ComponentLink1URL"; Value = "https://www.digikey.com/en/products/detail/samsung-electro-mechanics/CL10A106MQ8NNNC/3886777"; VariantName = "[No Variations]"
Add component (AddParameter): Name = "Made By"; Value = "Flip B"; VariantName = "[No Variations]"
Add component (AddParameter): Name = "Supplier 1"; Value = "Digi-Key"; VariantName = "[No Variations]"
Add component (AddParameter): Name = "Supplier Part Number 1"; Value = "1276-1119-1-ND"; VariantName = "[No Variations]"
Add component (AddParameter): Name = "Tolerance"; Value = "+/- 20%"; VariantName = "[No Variations]"
Add component (AddParameter): Name = "Value (uF)"; Value = "10 uF"; VariantName = "[No Variations]"
Add component (AddParameter): Name = "Verified By"; Value = ""; VariantName = "[No Variations]"
Add component (AddParameter): Name = "Voltage"; Value = "6.3V"; VariantName = "[No Variations]"
Added Component: Designator=C3(CAPACITOR_0603)
Add component (AddParameter): Name = "ComponentLink1Description"; Value = "Digikey"; VariantName = "[No Variations]"
Add component (AddParameter): Name = "ComponentLink1URL"; Value = "https://www.digikey.com/en/products/detail/samsung-electro-mechanics/CL10A106MQ8NNNC/3886777"; VariantName = "[No Variations]"
Add component (AddParameter): Name = "Made By"; Value = "Flip B"; VariantName = "[No Variations]"
Add component (AddParameter): Name = "Supplier 1"; Value = "Digi-Key"; VariantName = "[No Variations]"
Add component (AddParameter): Name = "Supplier Part Number 1"; Value = "1276-1119-1-ND"; VariantName = "[No Variations]"
Add component (AddParameter): Name = "Tolerance"; Value = "+/- 20%"; VariantName = "[No Variations]"
Add component (AddParameter): Name = "Value (uF)"; Value = "10 uF"; VariantName = "[No Variations]"
Add component (AddParameter): Name = "Verified By"; Value = ""; VariantName = "[No Variations]"
Add component (AddParameter): Name = "Voltage"; Value = "6.3V"; VariantName = "[No Variations]"
Added Component: Designator=C6(CAPACITOR_0603)
Add component (AddParameter): Name = "ComponentLink1Description"; Value = "Digikey"; VariantName = "[No Variations]"
Add component (AddParameter): Name = "ComponentLink1URL"; Value = "https://www.digikey.com/en/products/detail/samsung-electro-mechanics/CL10A106MQ8NNNC/3886777"; VariantName = "[No Variations]"
Add component (AddParameter): Name = "Made By"; Value = "Flip B"; VariantName = "[No Variations]"
Add component (AddParameter): Name = "Supplier 1"; Value = "Digi-Key"; VariantName = "[No Variations]"
Add component (AddParameter): Name = "Supplier Part Number 1"; Value = "1276-1119-1-ND"; VariantName = "[No Variations]"
Add component (AddParameter): Name = "Tolerance"; Value = "+/- 20%"; VariantName = "[No Variations]"
Add component (AddParameter): Name = "Value (uF)"; Value = "10 uF"; VariantName = "[No Variations]"
Add component (AddParameter): Name = "Verified By"; Value = ""; VariantName = "[No Variations]"
Add component (AddParameter): Name = "Voltage"; Value = "6.3V"; VariantName = "[No Variations]"
Added Component: Designator=C7(CAPACITOR_0603)
Add component (AddParameter): Name = "ComponentLink1Description"; Value = "Digikey"; VariantName = "[No Variations]"
Add component (AddParameter): Name = "ComponentLink1URL"; Value = "https://www.digikey.com/en/products/detail/samsung-electro-mechanics/CL10A106MQ8NNNC/3886777"; VariantName = "[No Variations]"
Add component (AddParameter): Name = "Made By"; Value = "Flip B"; VariantName = "[No Variations]"
Add component (AddParameter): Name = "Supplier 1"; Value = "Digi-Key"; VariantName = "[No Variations]"
Add component (AddParameter): Name = "Supplier Part Number 1"; Value = "1276-1119-1-ND"; VariantName = "[No Variations]"
Add component (AddParameter): Name = "Tolerance"; Value = "+/- 20%"; VariantName = "[No Variations]"
Add component (AddParameter): Name = "Value (uF)"; Value = "10 uF"; VariantName = "[No Variations]"
Add component (AddParameter): Name = "Verified By"; Value = ""; VariantName = "[No Variations]"
Add component (AddParameter): Name = "Voltage"; Value = "6.3V"; VariantName = "[No Variations]"
Added Component: Designator=D1(LED_0603)
Add component (AddParameter): Name = "Color"; Value = "Blue"; VariantName = "[No Variations]"
Add component (AddParameter): Name = "Forward Current"; Value = "20mA"; VariantName = "[No Variations]"
Add component (AddParameter): Name = "Forward Voltage"; Value = "3.2V"; VariantName = "[No Variations]"
Add component (AddParameter): Name = "Made By"; Value = "Robert Pafford"; VariantName = "[No Variations]"
Add component (AddParameter): Name = "Package"; Value = "0603"; VariantName = "[No Variations]"
Add component (AddParameter): Name = "Supplier 1"; Value = "Digi-Key"; VariantName = "[No Variations]"
Add component (AddParameter): Name = "Supplier Part Number 1"; Value = "732-4966-1-ND"; VariantName = "[No Variations]"
Add component (AddParameter): Name = "Verified By"; Value = ""; VariantName = "[No Variations]"
Added Component: Designator=D2(SOD-123)
Add component (AddParameter): Name = "ComponentLink1Description"; Value = "Datasheet"; VariantName = "[No Variations]"
Add component (AddParameter): Name = "ComponentLink1URL"; Value = "https://www.panjit.com.tw/upload/datasheet/BZT52-C2V4_SERIES.pdf"; VariantName = "[No Variations]"
Add component (AddParameter): Name = "Made By"; Value = "Nathan A"; VariantName = "[No Variations]"
Add component (AddParameter): Name = "Package"; Value = "SOD-123"; VariantName = "[No Variations]"
Add component (AddParameter): Name = "Power"; Value = "410mW"; VariantName = "[No Variations]"
Add component (AddParameter): Name = "Supplier 1"; Value = "Digi-Key"; VariantName = "[No Variations]"
Add component (AddParameter): Name = "Supplier Part Number 1"; Value = "3757-BZT52-C10_R1_00001CT-ND"; VariantName = "[No Variations]"
Add component (AddParameter): Name = "Verified By"; Value = ""; VariantName = "[No Variations]"
Add component (AddParameter): Name = "Voltage - Zener"; Value = "10V"; VariantName = "[No Variations]"
Added Component: Designator=D3(LED_0603)
Add component (AddParameter): Name = "Color"; Value = "Green"; VariantName = "[No Variations]"
Add component (AddParameter): Name = "ComponentLink1Description"; Value = "Datasheet"; VariantName = "[No Variations]"
Add component (AddParameter): Name = "ComponentLink1URL"; Value = "https://www.we-online.de/katalog/datasheet/150060GS75000.pdf"; VariantName = "[No Variations]"
Add component (AddParameter): Name = "Forward Current"; Value = "25mA"; VariantName = "[No Variations]"
Add component (AddParameter): Name = "Forward Voltage"; Value = "3.2V"; VariantName = "[No Variations]"
Add component (AddParameter): Name = "Made By"; Value = "Flip B"; VariantName = "[No Variations]"
Add component (AddParameter): Name = "Package"; Value = "0603"; VariantName = "[No Variations]"
Add component (AddParameter): Name = "Supplier 1"; Value = "Digi-Key"; VariantName = "[No Variations]"
Add component (AddParameter): Name = "Supplier Part Number 1"; Value = "732-4971-1-ND"; VariantName = "[No Variations]"
Add component (AddParameter): Name = "Verified By"; Value = ""; VariantName = "[No Variations]"
Added Component: Designator=F1(0501Series_LTF)
Add component (AddParameter): Name = "Breaking Capacity"; Value = "150A"; VariantName = "[No Variations]"
Add component (AddParameter): Name = "Created By"; Value = "Nathan Ayer"; VariantName = "[No Variations]"
Add component (AddParameter): Name = "Current Rating"; Value = "15"; VariantName = "[No Variations]"
Add component (AddParameter): Name = "Manufacturer_Part_Number"; Value = "0685H9150-01"; VariantName = "[No Variations]"
Add component (AddParameter): Name = "Mfr_Name"; Value = "Bel Fuse"; VariantName = "[No Variations]"
Add component (AddParameter): Name = "Package"; Value = "1206"; VariantName = "[No Variations]"
Add component (AddParameter): Name = "Response Time"; Value = "Fast Blow"; VariantName = "[No Variations]"
Add component (AddParameter): Name = "Voltage Rating"; Value = "32V"; VariantName = "[No Variations]"
Added Component: Designator=F2(0501Series_LTF)
Add component (AddParameter): Name = "Breaking Capacity"; Value = "150A"; VariantName = "[No Variations]"
Add component (AddParameter): Name = "Created By"; Value = "Nathan Ayer"; VariantName = "[No Variations]"
Add component (AddParameter): Name = "Current Rating"; Value = "15"; VariantName = "[No Variations]"
Add component (AddParameter): Name = "Manufacturer_Part_Number"; Value = "0685H9150-01"; VariantName = "[No Variations]"
Add component (AddParameter): Name = "Mfr_Name"; Value = "Bel Fuse"; VariantName = "[No Variations]"
Add component (AddParameter): Name = "Package"; Value = "1206"; VariantName = "[No Variations]"
Add component (AddParameter): Name = "Response Time"; Value = "Fast Blow"; VariantName = "[No Variations]"
Add component (AddParameter): Name = "Voltage Rating"; Value = "32V"; VariantName = "[No Variations]"
Added Component: Designator=F3(0501Series_LTF)
Add component (AddParameter): Name = "Breaking Capacity"; Value = "150A"; VariantName = "[No Variations]"
Add component (AddParameter): Name = "Created By"; Value = "Nathan Ayer"; VariantName = "[No Variations]"
Add component (AddParameter): Name = "Current Rating"; Value = "15"; VariantName = "[No Variations]"
Add component (AddParameter): Name = "Manufacturer_Part_Number"; Value = "0685H9150-01"; VariantName = "[No Variations]"
Add component (AddParameter): Name = "Mfr_Name"; Value = "Bel Fuse"; VariantName = "[No Variations]"
Add component (AddParameter): Name = "Package"; Value = "1206"; VariantName = "[No Variations]"
Add component (AddParameter): Name = "Response Time"; Value = "Fast Blow"; VariantName = "[No Variations]"
Add component (AddParameter): Name = "Voltage Rating"; Value = "32V"; VariantName = "[No Variations]"
Added Component: Designator=F4(0501Series_LTF)
Add component (AddParameter): Name = "Breaking Capacity"; Value = "150A"; VariantName = "[No Variations]"
Add component (AddParameter): Name = "Created By"; Value = "Nathan Ayer"; VariantName = "[No Variations]"
Add component (AddParameter): Name = "Current Rating"; Value = "15"; VariantName = "[No Variations]"
Add component (AddParameter): Name = "Manufacturer_Part_Number"; Value = "0685H9150-01"; VariantName = "[No Variations]"
Add component (AddParameter): Name = "Mfr_Name"; Value = "Bel Fuse"; VariantName = "[No Variations]"
Add component (AddParameter): Name = "Package"; Value = "1206"; VariantName = "[No Variations]"
Add component (AddParameter): Name = "Response Time"; Value = "Fast Blow"; VariantName = "[No Variations]"
Add component (AddParameter): Name = "Voltage Rating"; Value = "32V"; VariantName = "[No Variations]"
Added Component: Designator=F5(2-SMD Fuse)
Add component (AddParameter): Name = "Breaking Capacity"; Value = "1kA"; VariantName = "[No Variations]"
Add component (AddParameter): Name = "ComponentLink1Description"; Value = "DigiKey"; VariantName = "[No Variations]"
Add component (AddParameter): Name = "ComponentLink1URL"; Value = "https://www.digikey.com/en/products/detail/eaton-electronics-division/1245HC60-RTR/13913536"; VariantName = "[No Variations]"
Add component (AddParameter): Name = "Created By"; Value = "Nathan Ayer"; VariantName = "[No Variations]"
Add component (AddParameter): Name = "Current Rating"; Value = "60A"; VariantName = "[No Variations]"
Add component (AddParameter): Name = "Manufacturer_Part_Number"; Value = "1245HC60-RTR"; VariantName = "[No Variations]"
Add component (AddParameter): Name = "Mfr_Name"; Value = "Eaton"; VariantName = "[No Variations]"
Add component (AddParameter): Name = "Package"; Value = "2-SMD"; VariantName = "[No Variations]"
Add component (AddParameter): Name = "Response Time"; Value = "Fast Blow"; VariantName = "[No Variations]"
Add component (AddParameter): Name = "Voltage Rating"; Value = "80V"; VariantName = "[No Variations]"
Added Component: Designator=J3(Redcube M4 Term 85A)
Add component (AddParameter): Name = "Created By"; Value = "Nahtan Ayer"; VariantName = "[No Variations]"
Add component (AddParameter): Name = "Current Rating"; Value = "85 A"; VariantName = "[No Variations]"
Add component (AddParameter): Name = "Screw Size"; Value = "M4"; VariantName = "[No Variations]"
Added Component: Designator=J4(Redcube M4 Term 85A)
Add component (AddParameter): Name = "Created By"; Value = "Nahtan Ayer"; VariantName = "[No Variations]"
Add component (AddParameter): Name = "Current Rating"; Value = "85 A"; VariantName = "[No Variations]"
Add component (AddParameter): Name = "Screw Size"; Value = "M4"; VariantName = "[No Variations]"
Added Component: Designator=J5(CONN_MOLEX_MINIFIT JR_12 POS_R/A)
Add component (AddParameter): Name = "Color"; Value = "Natural"; VariantName = "[No Variations]"
Add component (AddParameter): Name = "ComponentLink1Description"; Value = "Datasheet"; VariantName = "[No Variations]"
Add component (AddParameter): Name = "ComponentLink1URL"; Value = "https://www.molex.com/pdm_docs/ps/PS-5556-001.pdf"; VariantName = "[No Variations]"
Add component (AddParameter): Name = "Configuration"; Value = "Right Angle"; VariantName = "[No Variations]"
Add component (AddParameter): Name = "Created By"; Value = "Flip B"; VariantName = "[No Variations]"
Add component (AddParameter): Name = "Current Per Pin"; Value = "13A"; VariantName = "[No Variations]"
Add component (AddParameter): Name = "Manufacturer"; Value = "Molex"; VariantName = "[No Variations]"
Add component (AddParameter): Name = "Number of Positions"; Value = "12"; VariantName = "[No Variations]"
Add component (AddParameter): Name = "Pitch"; Value = "4.2mm"; VariantName = "[No Variations]"
Add component (AddParameter): Name = "Series"; Value = "Minifit Jr 5569"; VariantName = "[No Variations]"
Add component (AddParameter): Name = "Supplier 1"; Value = "Digi-Key"; VariantName = "[No Variations]"
Add component (AddParameter): Name = "Supplier Part Number 1"; Value = "WM21356-ND"; VariantName = "[No Variations]"
Add component (AddParameter): Name = "Verified By"; Value = ""; VariantName = "[No Variations]"
Added Component: Designator=J6(CONN_MOLEX_MINIFIT JR_6 POS_R/A)
Add component (AddParameter): Name = "Color"; Value = "Natural"; VariantName = "[No Variations]"
Add component (AddParameter): Name = "ComponentLink1Description"; Value = "Datasheet"; VariantName = "[No Variations]"
Add component (AddParameter): Name = "ComponentLink1URL"; Value = "https://www.molex.com/pdm_docs/ps/PS-5556-001.pdf"; VariantName = "[No Variations]"
Add component (AddParameter): Name = "Configuration"; Value = "Right Angle"; VariantName = "[No Variations]"
Add component (AddParameter): Name = "Created By"; Value = "Flip B"; VariantName = "[No Variations]"
Add component (AddParameter): Name = "Current Per Pin"; Value = "13A"; VariantName = "[No Variations]"
Add component (AddParameter): Name = "Manufacturer"; Value = "Molex"; VariantName = "[No Variations]"
Add component (AddParameter): Name = "Number of Positions"; Value = "8"; VariantName = "[No Variations]"
Add component (AddParameter): Name = "Pitch"; Value = "4.2mm"; VariantName = "[No Variations]"
Add component (AddParameter): Name = "Series"; Value = "Minifit Jr 5569"; VariantName = "[No Variations]"
Add component (AddParameter): Name = "Supplier 1"; Value = "Digi-Key"; VariantName = "[No Variations]"
Add component (AddParameter): Name = "Supplier Part Number 1"; Value = "WM1353-ND"; VariantName = "[No Variations]"
Add component (AddParameter): Name = "Verified By"; Value = ""; VariantName = "[No Variations]"
Added Component: Designator=J7(HEADER_4PIN_2.54MM)
Add component (AddParameter): Name = "Made By"; Value = "Robert Pafford"; VariantName = "[No Variations]"
Add component (AddParameter): Name = "Supplier 1"; Value = "Digi-Key"; VariantName = "[No Variations]"
Add component (AddParameter): Name = "Supplier Part Number 1"; Value = "S1012E-04-ND"; VariantName = "[No Variations]"
Added Component: Designator=J8(HEADER_4PIN_2.54MM)
Add component (AddParameter): Name = "Made By"; Value = "Robert Pafford"; VariantName = "[No Variations]"
Add component (AddParameter): Name = "Supplier 1"; Value = "Digi-Key"; VariantName = "[No Variations]"
Add component (AddParameter): Name = "Supplier Part Number 1"; Value = "S1012E-04-ND"; VariantName = "[No Variations]"
Added Component: Designator=J9(HEADER_4PIN_2.54MM)
Add component (AddParameter): Name = "Made By"; Value = "Robert Pafford"; VariantName = "[No Variations]"
Add component (AddParameter): Name = "Supplier 1"; Value = "Digi-Key"; VariantName = "[No Variations]"
Add component (AddParameter): Name = "Supplier Part Number 1"; Value = "S1012E-04-ND"; VariantName = "[No Variations]"
Added Component: Designator=J10(HEADER_4PIN_2.54MM)
Add component (AddParameter): Name = "Made By"; Value = "Robert Pafford"; VariantName = "[No Variations]"
Add component (AddParameter): Name = "Supplier 1"; Value = "Digi-Key"; VariantName = "[No Variations]"
Add component (AddParameter): Name = "Supplier Part Number 1"; Value = "S1012E-04-ND"; VariantName = "[No Variations]"
Added Component: Designator=J11(CONN_MINIUSB)
Add component (AddParameter): Name = "Color"; Value = "Silver"; VariantName = "[No Variations]"
Add component (AddParameter): Name = "ComponentLink1Description"; Value = "Datasheet"; VariantName = "[No Variations]"
Add component (AddParameter): Name = "ComponentLink1URL"; Value = "https://cdn.amphenol-icc.com/media/wysiwyg/files/documentation/datasheet/inputoutput/io_usb_micro.pdf?__cf_chl_jschl_tk__=05693735e19256298f6ef6ca2bb2e65c376a4f56-1625503833-0-Abitsb0-ufjOXJYs_S3J3r2iTn-nObalbmXUksF1VvO_h_WEmRdMlUD1I8-hmWSEVWzY1pirKnrPZWfgY3851qyBZe5ZvnNQePLGIzUgdEIQBVUyW36RsbYpDLEWxJ4horD-5gChFgobLYqwmG5aHl0E8lIn_twwPPrOxilK2gP0q9t_CNOs_u5fMqXvXUrlsOv8tIE2NRlu6NVP8qtkL2GjhlkeTUbDMF8WvvpPDTFOgvZ4Y16Ej8F8AhWos88mo5B1HssXozw0XrkJQIqERITUu6rqloz9kf4ZzhBHtDAt-IkiAFY_Ds9SW8FYKKTtINJVpHZQ6Gyu1FFM4Dc9MO0maE8_mmNcwlxqyRoRk_MPWW8VyByXWM5RSp52jteRKw7FeI9WIYvCbPAOy0Eyib-aseIQsnGbglBcUY6_2xp8GYaJM38H3dNvBPsSOfJBPndKedwKHllxjkucXn6xsN0sDXkpGN-cu8_2bDTJ0g-uUucKSCooYX-ApSDNGpkA_p9zv1SOAD8c0zaZVmtiBsN75QpVz2rzq9_BFxOywPvR"; VariantName = "[No Variations]"
Add component (AddParameter): Name = "Configuration"; Value = "Right Angle"; VariantName = "[No Variations]"
Add component (AddParameter): Name = "Created By"; Value = "Flip B"; VariantName = "[No Variations]"
Add component (AddParameter): Name = "Current Per Pin"; Value = "1.8A"; VariantName = "[No Variations]"
Add component (AddParameter): Name = "Manufacturer"; Value = "Amphenol"; VariantName = "[No Variations]"
Add component (AddParameter): Name = "Number of Positions"; Value = "5"; VariantName = "[No Variations]"
Add component (AddParameter): Name = "Pitch"; Value = "0.65mm"; VariantName = "[No Variations]"
Add component (AddParameter): Name = "Series"; Value = "10118192"; VariantName = "[No Variations]"
Add component (AddParameter): Name = "Supplier 1"; Value = "Digi-Key"; VariantName = "[No Variations]"
Add component (AddParameter): Name = "Supplier Part Number 1"; Value = "609-4613-1-ND"; VariantName = "[No Variations]"
Add component (AddParameter): Name = "Verified By"; Value = ""; VariantName = "[No Variations]"
Added Component: Designator=J12(HEADER_2X5PIN_2.54MM)
Add component (AddParameter): Name = "Made By"; Value = "Robert Pafford"; VariantName = "[No Variations]"
Add component (AddParameter): Name = "Supplier 1"; Value = "Digi-Key"; VariantName = "[No Variations]"
Add component (AddParameter): Name = "Supplier Part Number 1"; Value = "732-2672-ND"; VariantName = "[No Variations]"
Added Component: Designator=M1(APD 80F3[X])
Add component (AddParameter): Name = "ComponentLink1Description"; Value = "General Info"; VariantName = "[No Variations]"
Add component (AddParameter): Name = "ComponentLink1URL"; Value = "https://powerdrives.net/80f3"; VariantName = "[No Variations]"
Add component (AddParameter): Name = "ComponentLink2Description"; Value = "Data Sheet"; VariantName = "[No Variations]"
Add component (AddParameter): Name = "ComponentLink2URL"; Value = "https://docs.powerdrives.net/products/f-series-esc/overview"; VariantName = "[No Variations]"
Add component (AddParameter): Name = "Created By"; Value = "Nathan Ayer"; VariantName = "[No Variations]"
Add component (AddParameter): Name = "Manufacturer"; Value = "Advanced Power Drives"; VariantName = "[No Variations]"
Add component (AddParameter): Name = "Max Current"; Value = "80A Continuous"; VariantName = "[No Variations]"
Add component (AddParameter): Name = "Voltage"; Value = "15-35V"; VariantName = "[No Variations]"
Added Component: Designator=M2(APD 80F3[X])
Add component (AddParameter): Name = "ComponentLink1Description"; Value = "General Info"; VariantName = "[No Variations]"
Add component (AddParameter): Name = "ComponentLink1URL"; Value = "https://powerdrives.net/80f3"; VariantName = "[No Variations]"
Add component (AddParameter): Name = "ComponentLink2Description"; Value = "Data Sheet"; VariantName = "[No Variations]"
Add component (AddParameter): Name = "ComponentLink2URL"; Value = "https://docs.powerdrives.net/products/f-series-esc/overview"; VariantName = "[No Variations]"
Add component (AddParameter): Name = "Created By"; Value = "Nathan Ayer"; VariantName = "[No Variations]"
Add component (AddParameter): Name = "Manufacturer"; Value = "Advanced Power Drives"; VariantName = "[No Variations]"
Add component (AddParameter): Name = "Max Current"; Value = "80A Continuous"; VariantName = "[No Variations]"
Add component (AddParameter): Name = "Voltage"; Value = "15-35V"; VariantName = "[No Variations]"
Added Component: Designator=M3(APD 80F3[X])
Add component (AddParameter): Name = "ComponentLink1Description"; Value = "General Info"; VariantName = "[No Variations]"
Add component (AddParameter): Name = "ComponentLink1URL"; Value = "https://powerdrives.net/80f3"; VariantName = "[No Variations]"
Add component (AddParameter): Name = "ComponentLink2Description"; Value = "Data Sheet"; VariantName = "[No Variations]"
Add component (AddParameter): Name = "ComponentLink2URL"; Value = "https://docs.powerdrives.net/products/f-series-esc/overview"; VariantName = "[No Variations]"
Add component (AddParameter): Name = "Created By"; Value = "Nathan Ayer"; VariantName = "[No Variations]"
Add component (AddParameter): Name = "Manufacturer"; Value = "Advanced Power Drives"; VariantName = "[No Variations]"
Add component (AddParameter): Name = "Max Current"; Value = "80A Continuous"; VariantName = "[No Variations]"
Add component (AddParameter): Name = "Voltage"; Value = "15-35V"; VariantName = "[No Variations]"
Added Component: Designator=M4(APD 80F3[X])
Add component (AddParameter): Name = "ComponentLink1Description"; Value = "General Info"; VariantName = "[No Variations]"
Add component (AddParameter): Name = "ComponentLink1URL"; Value = "https://powerdrives.net/80f3"; VariantName = "[No Variations]"
Add component (AddParameter): Name = "ComponentLink2Description"; Value = "Data Sheet"; VariantName = "[No Variations]"
Add component (AddParameter): Name = "ComponentLink2URL"; Value = "https://docs.powerdrives.net/products/f-series-esc/overview"; VariantName = "[No Variations]"
Add component (AddParameter): Name = "Created By"; Value = "Nathan Ayer"; VariantName = "[No Variations]"
Add component (AddParameter): Name = "Manufacturer"; Value = "Advanced Power Drives"; VariantName = "[No Variations]"
Add component (AddParameter): Name = "Max Current"; Value = "80A Continuous"; VariantName = "[No Variations]"
Add component (AddParameter): Name = "Voltage"; Value = "15-35V"; VariantName = "[No Variations]"
Added Component: Designator=Q1(MOSFET_7DP-T1-GE3_VIS)
Add component (AddParameter): Name = "Copyright"; Value = "Copyright (C) 2022 Ultra Librarian. All rights reserved."; VariantName = "[No Variations]"
Add component (AddParameter): Name = "Manufacturer_Part_Number"; Value = "SIR167DP-T1-GE3"; VariantName = "[No Variations]"
Add component (AddParameter): Name = "Mfr_Name"; Value = "Vishay"; VariantName = "[No Variations]"
Add component (AddParameter): Name = "RefDes"; Value = "RefDes"; VariantName = "[No Variations]"
Add component (AddParameter): Name = "Type"; Value = "DEV"; VariantName = "[No Variations]"
Added Component: Designator=Q2(MOSFET_7DP-T1-GE3_VIS)
Add component (AddParameter): Name = "Copyright"; Value = "Copyright (C) 2022 Ultra Librarian. All rights reserved."; VariantName = "[No Variations]"
Add component (AddParameter): Name = "Manufacturer_Part_Number"; Value = "SIR167DP-T1-GE3"; VariantName = "[No Variations]"
Add component (AddParameter): Name = "Mfr_Name"; Value = "Vishay"; VariantName = "[No Variations]"
Add component (AddParameter): Name = "RefDes"; Value = "RefDes"; VariantName = "[No Variations]"
Add component (AddParameter): Name = "Type"; Value = "DEV"; VariantName = "[No Variations]"
Added Component: Designator=R1(RESISTOR_0603)
Add component (AddParameter): Name = "ComponentLink1Description"; Value = "Datasheet"; VariantName = "[No Variations]"
Add component (AddParameter): Name = "ComponentLink1URL"; Value = "https://www.bourns.com/docs/product-datasheets/CRxxxxx.pdf"; VariantName = "[No Variations]"
Add component (AddParameter): Name = "Digikey Part Numer"; Value = "CR0603-JW-104ELFTR-ND"; VariantName = "[No Variations]"
Add component (AddParameter): Name = "Made By"; Value = "Robert Pafford"; VariantName = "[No Variations]"
Add component (AddParameter): Name = "Supplier"; Value = "Digikey"; VariantName = "[No Variations]"
Add component (AddParameter): Name = "Supplier 1"; Value = "Digi-Key"; VariantName = "[No Variations]"
Add component (AddParameter): Name = "Supplier Part Number 1"; Value = "2019-RK73B1JTTD102JCT-ND"; VariantName = "[No Variations]"
Add component (AddParameter): Name = "Tolerance"; Value = "+/- 5%"; VariantName = "[No Variations]"
Add component (AddParameter): Name = "Value  (Ohms)"; Value = "1K"; VariantName = "[No Variations]"
Add component (AddParameter): Name = "Verified By"; Value = ""; VariantName = "[No Variations]"
Add component (AddParameter): Name = "Wattage"; Value = "1/8W"; VariantName = "[No Variations]"
Added Component: Designator=R2(RESISTOR_0603)
Add component (AddParameter): Name = "ComponentLink1Description"; Value = "Datasheet"; VariantName = "[No Variations]"
Add component (AddParameter): Name = "ComponentLink1URL"; Value = "https://www.bourns.com/docs/product-datasheets/CRxxxxx.pdf"; VariantName = "[No Variations]"
Add component (AddParameter): Name = "Digikey Part Numer"; Value = "CR0603-JW-104ELFTR-ND"; VariantName = "[No Variations]"
Add component (AddParameter): Name = "Made By"; Value = "Robert Pafford"; VariantName = "[No Variations]"
Add component (AddParameter): Name = "Supplier"; Value = "Digikey"; VariantName = "[No Variations]"
Add component (AddParameter): Name = "Supplier 1"; Value = "Digi-Key"; VariantName = "[No Variations]"
Add component (AddParameter): Name = "Supplier Part Number 1"; Value = "2019-RK73B1JTTD102JCT-ND"; VariantName = "[No Variations]"
Add component (AddParameter): Name = "Tolerance"; Value = "+/- 5%"; VariantName = "[No Variations]"
Add component (AddParameter): Name = "Value  (Ohms)"; Value = "1K"; VariantName = "[No Variations]"
Add component (AddParameter): Name = "Verified By"; Value = ""; VariantName = "[No Variations]"
Add component (AddParameter): Name = "Wattage"; Value = "1/8W"; VariantName = "[No Variations]"
Added Component: Designator=R3(RESISTOR_0603)
Add component (AddParameter): Name = "Digikey Part Numer"; Value = "CR0603-JW-104ELFTR-ND"; VariantName = "[No Variations]"
Add component (AddParameter): Name = "Made By"; Value = "Robert Pafford"; VariantName = "[No Variations]"
Add component (AddParameter): Name = "Supplier"; Value = "Digikey"; VariantName = "[No Variations]"
Add component (AddParameter): Name = "Supplier 1"; Value = "Digi-Key"; VariantName = "[No Variations]"
Add component (AddParameter): Name = "Supplier Part Number 1"; Value = "749-1695-1-ND"; VariantName = "[No Variations]"
Add component (AddParameter): Name = "Tolerance"; Value = "+/- 0.5%"; VariantName = "[No Variations]"
Add component (AddParameter): Name = "Value  (Ohms)"; Value = "10K"; VariantName = "[No Variations]"
Add component (AddParameter): Name = "Verified By"; Value = ""; VariantName = "[No Variations]"
Add component (AddParameter): Name = "Wattage"; Value = "1/10W"; VariantName = "[No Variations]"
Added Component: Designator=R4(RESISTOR_0603)
Add component (AddParameter): Name = "Digikey Part Numer"; Value = "CR0603-JW-104ELFTR-ND"; VariantName = "[No Variations]"
Add component (AddParameter): Name = "Made By"; Value = "Robert Pafford"; VariantName = "[No Variations]"
Add component (AddParameter): Name = "Supplier"; Value = "Digikey"; VariantName = "[No Variations]"
Add component (AddParameter): Name = "Supplier 1"; Value = "Digi-Key"; VariantName = "[No Variations]"
Add component (AddParameter): Name = "Supplier Part Number 1"; Value = "749-1693-1-ND"; VariantName = "[No Variations]"
Add component (AddParameter): Name = "Tolerance"; Value = "+/- 0.5%"; VariantName = "[No Variations]"
Add component (AddParameter): Name = "Value  (Ohms)"; Value = "1K"; VariantName = "[No Variations]"
Add component (AddParameter): Name = "Verified By"; Value = ""; VariantName = "[No Variations]"
Add component (AddParameter): Name = "Wattage"; Value = "1/10W"; VariantName = "[No Variations]"
Added Component: Designator=R5(RESISTOR_0603)
Add component (AddParameter): Name = "ComponentLink1Description"; Value = "Datasheet"; VariantName = "[No Variations]"
Add component (AddParameter): Name = "ComponentLink1URL"; Value = "https://www.bourns.com/docs/product-datasheets/CRxxxxx.pdf"; VariantName = "[No Variations]"
Add component (AddParameter): Name = "Digikey Part Numer"; Value = "CR0603-JW-104ELFTR-ND"; VariantName = "[No Variations]"
Add component (AddParameter): Name = "Made By"; Value = "Robert Pafford"; VariantName = "[No Variations]"
Add component (AddParameter): Name = "Supplier"; Value = "Digikey"; VariantName = "[No Variations]"
Add component (AddParameter): Name = "Supplier 1"; Value = "Digi-Key"; VariantName = "[No Variations]"
Add component (AddParameter): Name = "Supplier Part Number 1"; Value = "2019-RK73B1JTTD270JCT-ND"; VariantName = "[No Variations]"
Add component (AddParameter): Name = "Tolerance"; Value = "+/- 5%"; VariantName = "[No Variations]"
Add component (AddParameter): Name = "Value  (Ohms)"; Value = "27"; VariantName = "[No Variations]"
Add component (AddParameter): Name = "Verified By"; Value = ""; VariantName = "[No Variations]"
Add component (AddParameter): Name = "Wattage"; Value = "1/8W"; VariantName = "[No Variations]"
Added Component: Designator=R6(RESISTOR_0603)
Add component (AddParameter): Name = "ComponentLink1Description"; Value = "Datasheet"; VariantName = "[No Variations]"
Add component (AddParameter): Name = "ComponentLink1URL"; Value = "https://www.bourns.com/docs/product-datasheets/CRxxxxx.pdf"; VariantName = "[No Variations]"
Add component (AddParameter): Name = "Digikey Part Numer"; Value = "CR0603-JW-104ELFTR-ND"; VariantName = "[No Variations]"
Add component (AddParameter): Name = "Made By"; Value = "Robert Pafford"; VariantName = "[No Variations]"
Add component (AddParameter): Name = "Supplier"; Value = "Digikey"; VariantName = "[No Variations]"
Add component (AddParameter): Name = "Supplier 1"; Value = "Digi-Key"; VariantName = "[No Variations]"
Add component (AddParameter): Name = "Supplier Part Number 1"; Value = "2019-RK73B1JTTD270JCT-ND"; VariantName = "[No Variations]"
Add component (AddParameter): Name = "Tolerance"; Value = "+/- 5%"; VariantName = "[No Variations]"
Add component (AddParameter): Name = "Value  (Ohms)"; Value = "27"; VariantName = "[No Variations]"
Add component (AddParameter): Name = "Verified By"; Value = ""; VariantName = "[No Variations]"
Add component (AddParameter): Name = "Wattage"; Value = "1/8W"; VariantName = "[No Variations]"
Added Component: Designator=R7(RESISTOR_0603)
Add component (AddParameter): Name = "ComponentLink1Description"; Value = "Datasheet"; VariantName = "[No Variations]"
Add component (AddParameter): Name = "ComponentLink1URL"; Value = "https://www.bourns.com/docs/product-datasheets/CRxxxxx.pdf"; VariantName = "[No Variations]"
Add component (AddParameter): Name = "Digikey Part Numer"; Value = "CR0603-JW-104ELFTR-ND"; VariantName = "[No Variations]"
Add component (AddParameter): Name = "Made By"; Value = "Robert Pafford"; VariantName = "[No Variations]"
Add component (AddParameter): Name = "Supplier"; Value = "Digikey"; VariantName = "[No Variations]"
Add component (AddParameter): Name = "Supplier 1"; Value = "Digi-Key"; VariantName = "[No Variations]"
Add component (AddParameter): Name = "Supplier Part Number 1"; Value = "541-RCS060362R0FKEACT-ND"; VariantName = "[No Variations]"
Add component (AddParameter): Name = "Tolerance"; Value = "+/- 1%"; VariantName = "[No Variations]"
Add component (AddParameter): Name = "Value  (Ohms)"; Value = "62"; VariantName = "[No Variations]"
Add component (AddParameter): Name = "Verified By"; Value = ""; VariantName = "[No Variations]"
Add component (AddParameter): Name = "Wattage"; Value = "1/4W"; VariantName = "[No Variations]"
Added Component: Designator=SB1(RESISTOR_0603)
Add component (AddParameter): Name = "ComponentLink1Description"; Value = "Digikey"; VariantName = "[No Variations]"
Add component (AddParameter): Name = "ComponentLink1URL"; Value = "https://www.digikey.com/en/products/detail/koa-speer-electronics-inc/RK73B1JTTD101J/9844701"; VariantName = "[No Variations]"
Add component (AddParameter): Name = "Made By"; Value = "Robert Pafford"; VariantName = "[No Variations]"
Add component (AddParameter): Name = "Value  (Ohms)"; Value = "0"; VariantName = "[No Variations]"
Add component (AddParameter): Name = "Verified By"; Value = ""; VariantName = "[No Variations]"
Added Component: Designator=U1(SOT-223-4)
Add component (AddParameter): Name = "Arrow_Electronics-Purchase-URL"; Value = "https://snapeda.com/shop?store=Arrow+Electronics&id=410186"; VariantName = "[No Variations]"
Add component (AddParameter): Name = "Availability"; Value = "Good"; VariantName = "[No Variations]"
Add component (AddParameter): Name = "DigiKey-Purchase-URL"; Value = "https://snapeda.com/shop?store=DigiKey&id=410186"; VariantName = "[No Variations]"
Add component (AddParameter): Name = "MF"; Value = "Texas Instruments"; VariantName = "[No Variations]"
Add component (AddParameter): Name = "Mouser-Purchase-URL"; Value = "https://snapeda.com/shop?store=Mouser&id=410186"; VariantName = "[No Variations]"
Add component (AddParameter): Name = "MP"; Value = "LM1117IMPX-3.3/NOPB"; VariantName = "[No Variations]"
Add component (AddParameter): Name = "Package"; Value = "SOT-223-4 Texas Instruments"; VariantName = "[No Variations]"
Add component (AddParameter): Name = "Price"; Value = "None"; VariantName = "[No Variations]"
Add component (AddParameter): Name = "SnapEDA_Link"; Value = "https://www.snapeda.com/parts/LM1117IMPX-3.3/NOPB/Texas%20Instruments/view-part/410186/?ref=snap"; VariantName = "[No Variations]"
Add component (AddParameter): Name = "Texas_Instruments-Purchase-URL"; Value = "https://snapeda.com/shop?store=Texas+Instruments&id=410186"; VariantName = "[No Variations]"
Add component (AddParameter): Name = "Value"; Value = ""; VariantName = "[No Variations]"
Added Pin To Net: NetName=3V3_RP2CAN Pin=C2-1
Added Pin To Net: NetName=GND_RP2CAN Pin=C2-2
Added Pin To Net: NetName=3V3_RP2CAN Pin=C3-1
Added Pin To Net: NetName=GND_RP2CAN Pin=C3-2
Added Pin To Net: NetName=5V Pin=C6-1
Added Pin To Net: NetName=GND_RP2CAN Pin=C6-2
Added Pin To Net: NetName=3V3_RP2CAN Pin=C7-1
Added Pin To Net: NetName=GND_RP2CAN Pin=C7-2
Added Pin To Net: NetName=GND_RP2CAN Pin=D3-2
Added Pin To Net: NetName=GND_RP2CAN Pin=J6-1
Added Pin To Net: NetName=CANL Pin=J6-2
Added Pin To Net: NetName=CANL Pin=J6-3
Added Pin To Net: NetName=5V Pin=J6-4
Added Pin To Net: NetName=CANH Pin=J6-5
Added Pin To Net: NetName=CANH Pin=J6-6
Added Pin To Net: NetName=USB_N Pin=J11-2
Added Pin To Net: NetName=USB_P Pin=J11-3
Added Pin To Net: NetName=GND_RP2CAN Pin=J11-5
Added Pin To Net: NetName=GND_RP2CAN Pin=J11-6
Added Pin To Net: NetName=GND_RP2CAN Pin=J11-7
Added Pin To Net: NetName=GND_RP2CAN Pin=J11-8
Added Pin To Net: NetName=GND_RP2CAN Pin=J11-9
Added Pin To Net: NetName=GND_RP2CAN Pin=J12-1
Added Pin To Net: NetName=3V3_RP2CAN Pin=J12-2
Added Pin To Net: NetName=GND_RP2CAN Pin=M1-10
Added Pin To Net: NetName=GND_RP2CAN Pin=M2-10
Added Pin To Net: NetName=GND_RP2CAN Pin=M3-10
Added Pin To Net: NetName=GND_RP2CAN Pin=M4-10
Added Pin To Net: NetName=GND_RP2CAN Pin=R4-2
Added Pin To Net: NetName=3V3_RP2CAN Pin=R7-2
Added Pin To Net: NetName=3V3_RP2CAN Pin=SB1-2
Added Pin To Net: NetName=GND_RP2CAN Pin=U1-1
Added Pin To Net: NetName=3V3_RP2CAN Pin=U1-2
Added Pin To Net: NetName=5V Pin=U1-3
Added Pin To Net: NetName=3V3_RP2CAN Pin=U1-4
Change Net Name : Old Net Name=3V3_RP2CAN New Net Name=3V3
Change Net Name : Old Net Name=GND_RP2CAN New Net Name=dGND
Added Pin To Net: NetName=ESC1_P1 Pin=J5-1
Added Pin To Net: NetName=ESC1_P1 Pin=M1-3
Added Net: Name=ESC1_P1
Added Pin To Net: NetName=ESC1_P2 Pin=J5-2
Added Pin To Net: NetName=ESC1_P2 Pin=M1-4
Added Net: Name=ESC1_P2
Added Pin To Net: NetName=ESC1_P3 Pin=J5-3
Added Pin To Net: NetName=ESC1_P3 Pin=M1-5
Added Net: Name=ESC1_P3
Added Pin To Net: NetName=ESC1_PWM Pin=J12-6
Added Pin To Net: NetName=ESC1_PWM Pin=M1-9
Added Pin To Net: NetName=ESC1_PWM Pin=U1R-8
Added Net: Name=ESC1_PWM
Added Pin To Net: NetName=ESC1_TELEM Pin=J12-4
Added Pin To Net: NetName=ESC1_TELEM Pin=M1-8
Added Pin To Net: NetName=ESC1_TELEM Pin=U1R-9
Added Net: Name=ESC1_TELEM
Added Pin To Net: NetName=ESC2_P1 Pin=J5-4
Added Pin To Net: NetName=ESC2_P1 Pin=M2-3
Added Net: Name=ESC2_P1
Added Pin To Net: NetName=ESC2_P2 Pin=J5-5
Added Pin To Net: NetName=ESC2_P2 Pin=M2-4
Added Net: Name=ESC2_P2
Added Pin To Net: NetName=ESC2_P3 Pin=J5-6
Added Pin To Net: NetName=ESC2_P3 Pin=M2-5
Added Net: Name=ESC2_P3
Added Pin To Net: NetName=ESC2_PWM Pin=J12-10
Added Pin To Net: NetName=ESC2_PWM Pin=M2-9
Added Pin To Net: NetName=ESC2_PWM Pin=U1R-6
Added Net: Name=ESC2_PWM
Added Pin To Net: NetName=ESC2_TELEM Pin=J12-8
Added Pin To Net: NetName=ESC2_TELEM Pin=M2-8
Added Pin To Net: NetName=ESC2_TELEM Pin=U1R-7
Added Net: Name=ESC2_TELEM
Added Pin To Net: NetName=ESC3_P1 Pin=J5-7
Added Pin To Net: NetName=ESC3_P1 Pin=M3-3
Added Net: Name=ESC3_P1
Added Pin To Net: NetName=ESC3_P2 Pin=J5-8
Added Pin To Net: NetName=ESC3_P2 Pin=M3-4
Added Net: Name=ESC3_P2
Added Pin To Net: NetName=ESC3_P3 Pin=J5-9
Added Pin To Net: NetName=ESC3_P3 Pin=M3-5
Added Net: Name=ESC3_P3
Added Pin To Net: NetName=ESC3_PWM Pin=J12-7
Added Pin To Net: NetName=ESC3_PWM Pin=M3-9
Added Pin To Net: NetName=ESC3_PWM Pin=U1R-4
Added Net: Name=ESC3_PWM
Added Pin To Net: NetName=ESC3_TELEM Pin=J12-9
Added Pin To Net: NetName=ESC3_TELEM Pin=M3-8
Added Pin To Net: NetName=ESC3_TELEM Pin=U1R-5
Added Net: Name=ESC3_TELEM
Added Pin To Net: NetName=ESC4_P1 Pin=J5-10
Added Pin To Net: NetName=ESC4_P1 Pin=M4-3
Added Net: Name=ESC4_P1
Added Pin To Net: NetName=ESC4_P2 Pin=J5-11
Added Pin To Net: NetName=ESC4_P2 Pin=M4-4
Added Net: Name=ESC4_P2
Added Pin To Net: NetName=ESC4_P3 Pin=J5-12
Added Pin To Net: NetName=ESC4_P3 Pin=M4-5
Added Net: Name=ESC4_P3
Added Pin To Net: NetName=ESC4_PWM Pin=J12-3
Added Pin To Net: NetName=ESC4_PWM Pin=M4-9
Added Pin To Net: NetName=ESC4_PWM Pin=U1R-2
Added Net: Name=ESC4_PWM
Added Pin To Net: NetName=ESC4_TELEM Pin=J12-5
Added Pin To Net: NetName=ESC4_TELEM Pin=M4-8
Added Pin To Net: NetName=ESC4_TELEM Pin=U1R-3
Added Net: Name=ESC4_TELEM
Added Pin To Net: NetName=GND Pin=C1-1
Added Pin To Net: NetName=GND Pin=D1-2
Added Pin To Net: NetName=GND Pin=J3-1
Added Pin To Net: NetName=GND Pin=J3-1
Added Pin To Net: NetName=GND Pin=J3-1
Added Pin To Net: NetName=GND Pin=J3-1
Added Pin To Net: NetName=GND Pin=J3-1
Added Pin To Net: NetName=GND Pin=J3-1
Added Pin To Net: NetName=GND Pin=J3-1
Added Pin To Net: NetName=GND Pin=J3-1
Added Pin To Net: NetName=GND Pin=J4-1
Added Pin To Net: NetName=GND Pin=J4-1
Added Pin To Net: NetName=GND Pin=J4-1
Added Pin To Net: NetName=GND Pin=J4-1
Added Pin To Net: NetName=GND Pin=J4-1
Added Pin To Net: NetName=GND Pin=J4-1
Added Pin To Net: NetName=GND Pin=J4-1
Added Pin To Net: NetName=GND Pin=J4-1
Added Pin To Net: NetName=GND Pin=M1-2
Added Pin To Net: NetName=GND Pin=M2-2
Added Pin To Net: NetName=GND Pin=M3-2
Added Pin To Net: NetName=GND Pin=M4-2
Added Pin To Net: NetName=GND Pin=R2-2
Added Net: Name=GND
Added Pin To Net: NetName=NetC1_2 Pin=C1-2
Added Pin To Net: NetName=NetC1_2 Pin=D2-1
Added Pin To Net: NetName=NetC1_2 Pin=R2-1
Added Pin To Net: NetName=NetC1_2 Pin=R5-2
Added Pin To Net: NetName=NetC1_2 Pin=R6-1
Added Net: Name=NetC1_2
Added Pin To Net: NetName=NetD1_1 Pin=D1-1
Added Pin To Net: NetName=NetD1_1 Pin=R1-2
Added Net: Name=NetD1_1
Added Pin To Net: NetName=NetD3_1 Pin=D3-1
Added Pin To Net: NetName=NetD3_1 Pin=R7-1
Added Net: Name=NetD3_1
Added Pin To Net: NetName=NetF1_2 Pin=F1-2
Added Pin To Net: NetName=NetF1_2 Pin=M1-1
Added Net: Name=NetF1_2
Added Pin To Net: NetName=NetF2_2 Pin=F2-2
Added Pin To Net: NetName=NetF2_2 Pin=M2-1
Added Net: Name=NetF2_2
Added Pin To Net: NetName=NetF3_2 Pin=F3-2
Added Pin To Net: NetName=NetF3_2 Pin=M3-1
Added Net: Name=NetF3_2
Added Pin To Net: NetName=NetF4_2 Pin=F4-2
Added Pin To Net: NetName=NetF4_2 Pin=M4-1
Added Net: Name=NetF4_2
Added Pin To Net: NetName=NetF5_2 Pin=F5-2
Added Pin To Net: NetName=NetF5_2 Pin=Q1-D
Added Pin To Net: NetName=NetF5_2 Pin=Q1-D
Added Pin To Net: NetName=NetF5_2 Pin=Q1-D
Added Pin To Net: NetName=NetF5_2 Pin=Q1-D
Added Pin To Net: NetName=NetF5_2 Pin=Q1-D
Added Pin To Net: NetName=NetF5_2 Pin=Q2-D
Added Pin To Net: NetName=NetF5_2 Pin=Q2-D
Added Pin To Net: NetName=NetF5_2 Pin=Q2-D
Added Pin To Net: NetName=NetF5_2 Pin=Q2-D
Added Pin To Net: NetName=NetF5_2 Pin=Q2-D
Added Net: Name=NetF5_2
Added Pin To Net: NetName=NetJ7_1 Pin=J7-1
Added Pin To Net: NetName=NetJ7_1 Pin=M1-11
Added Net: Name=NetJ7_1
Added Pin To Net: NetName=NetJ7_2 Pin=J7-2
Added Pin To Net: NetName=NetJ7_2 Pin=M1-12
Added Net: Name=NetJ7_2
Added Pin To Net: NetName=NetJ7_3 Pin=J7-3
Added Pin To Net: NetName=NetJ7_3 Pin=M1-13
Added Net: Name=NetJ7_3
Added Pin To Net: NetName=NetJ7_4 Pin=J7-4
Added Pin To Net: NetName=NetJ7_4 Pin=M1-14
Added Net: Name=NetJ7_4
Added Pin To Net: NetName=NetJ8_1 Pin=J8-1
Added Pin To Net: NetName=NetJ8_1 Pin=M2-11
Added Net: Name=NetJ8_1
Added Pin To Net: NetName=NetJ8_2 Pin=J8-2
Added Pin To Net: NetName=NetJ8_2 Pin=M2-12
Added Net: Name=NetJ8_2
Added Pin To Net: NetName=NetJ8_3 Pin=J8-3
Added Pin To Net: NetName=NetJ8_3 Pin=M2-13
Added Net: Name=NetJ8_3
Added Pin To Net: NetName=NetJ8_4 Pin=J8-4
Added Pin To Net: NetName=NetJ8_4 Pin=M2-14
Added Net: Name=NetJ8_4
Added Pin To Net: NetName=NetJ9_1 Pin=J9-1
Added Pin To Net: NetName=NetJ9_1 Pin=M3-11
Added Net: Name=NetJ9_1
Added Pin To Net: NetName=NetJ9_2 Pin=J9-2
Added Pin To Net: NetName=NetJ9_2 Pin=M3-12
Added Net: Name=NetJ9_2
Added Pin To Net: NetName=NetJ9_3 Pin=J9-3
Added Pin To Net: NetName=NetJ9_3 Pin=M3-13
Added Net: Name=NetJ9_3
Added Pin To Net: NetName=NetJ9_4 Pin=J9-4
Added Pin To Net: NetName=NetJ9_4 Pin=M3-14
Added Net: Name=NetJ9_4
Added Pin To Net: NetName=NetJ10_1 Pin=J10-1
Added Pin To Net: NetName=NetJ10_1 Pin=M4-11
Added Net: Name=NetJ10_1
Added Pin To Net: NetName=NetJ10_2 Pin=J10-2
Added Pin To Net: NetName=NetJ10_2 Pin=M4-12
Added Net: Name=NetJ10_2
Added Pin To Net: NetName=NetJ10_3 Pin=J10-3
Added Pin To Net: NetName=NetJ10_3 Pin=M4-13
Added Net: Name=NetJ10_3
Added Pin To Net: NetName=NetJ10_4 Pin=J10-4
Added Pin To Net: NetName=NetJ10_4 Pin=M4-14
Added Net: Name=NetJ10_4
Added Pin To Net: NetName=NetQ1_4 Pin=Q1-4
Added Pin To Net: NetName=NetQ1_4 Pin=R5-1
Added Net: Name=NetQ1_4
Added Pin To Net: NetName=NetQ2_4 Pin=Q2-4
Added Pin To Net: NetName=NetQ2_4 Pin=R6-2
Added Net: Name=NetQ2_4
Added Pin To Net: NetName=NetSB1_1 Pin=SB1-1
Added Pin To Net: NetName=NetSB1_1 Pin=U1R-41
Added Net: Name=NetSB1_1
Added Pin To Net: NetName=VCC_MEAS Pin=R3-2
Added Pin To Net: NetName=VCC_MEAS Pin=R4-1
Added Pin To Net: NetName=VCC_MEAS Pin=U1R-40
Added Net: Name=VCC_MEAS
Added Pin To Net: NetName=VCC Pin=D2-2
Added Pin To Net: NetName=VCC Pin=F1-1
Added Pin To Net: NetName=VCC Pin=F2-1
Added Pin To Net: NetName=VCC Pin=F3-1
Added Pin To Net: NetName=VCC Pin=F4-1
Added Pin To Net: NetName=VCC Pin=Q1-1
Added Pin To Net: NetName=VCC Pin=Q1-2
Added Pin To Net: NetName=VCC Pin=Q1-3
Added Pin To Net: NetName=VCC Pin=Q2-1
Added Pin To Net: NetName=VCC Pin=Q2-2
Added Pin To Net: NetName=VCC Pin=Q2-3
Added Pin To Net: NetName=VCC Pin=R1-1
Added Pin To Net: NetName=VCC Pin=R3-1
Added Net: Name=VCC
Added Pin To Net: NetName=VIN Pin=F5-1
Added Pin To Net: NetName=VIN Pin=J1-1
Added Pin To Net: NetName=VIN Pin=J1-1
Added Pin To Net: NetName=VIN Pin=J1-1
Added Pin To Net: NetName=VIN Pin=J1-1
Added Pin To Net: NetName=VIN Pin=J1-1
Added Pin To Net: NetName=VIN Pin=J1-1
Added Pin To Net: NetName=VIN Pin=J1-1
Added Pin To Net: NetName=VIN Pin=J1-1
Added Pin To Net: NetName=VIN Pin=J2-1
Added Pin To Net: NetName=VIN Pin=J2-1
Added Pin To Net: NetName=VIN Pin=J2-1
Added Pin To Net: NetName=VIN Pin=J2-1
Added Pin To Net: NetName=VIN Pin=J2-1
Added Pin To Net: NetName=VIN Pin=J2-1
Added Pin To Net: NetName=VIN Pin=J2-1
Added Pin To Net: NetName=VIN Pin=J2-1
Added Net: Name=VIN
Added Class: Name=ESC
Added Rule: Name=Schematic Supply Nets
Added Rule: Name=Schematic Supply Nets_2
Added Rule: Name=Schematic Supply Nets_4
Added Rule: Name=Schematic Supply Nets_5
Added Rule: Name=Schematic Supply Nets_6
