Added Component: Designator=C14(CAPACITOR_0402)
Add component (AddParameter): Name = "Made By"; Value = "Robert Pafford"; VariantName = "[No Variations]"
Add component (AddParameter): Name = "Supplier 1"; Value = "Digi-Key"; VariantName = "[No Variations]"
Add component (AddParameter): Name = "Supplier Part Number 1"; Value = "478-0402YD105KAT4ADKR-ND"; VariantName = "[No Variations]"
Add component (AddParameter): Name = "Tolerance"; Value = "+/- 10%"; VariantName = "[No Variations]"
Add component (AddParameter): Name = "Value"; Value = "1uF"; VariantName = "[No Variations]"
Add component (AddParameter): Name = "Verified By"; Value = ""; VariantName = "[No Variations]"
Add component (AddParameter): Name = "Voltage"; Value = "16V"; VariantName = "[No Variations]"
Added Component: Designator=C15(CAPACITOR_0402)
Add component (AddParameter): Name = "Made By"; Value = "Robert Pafford"; VariantName = "[No Variations]"
Add component (AddParameter): Name = "Supplier 1"; Value = "Digi-Key"; VariantName = "[No Variations]"
Add component (AddParameter): Name = "Supplier Part Number 1"; Value = "478-0402YD105KAT4ADKR-ND"; VariantName = "[No Variations]"
Add component (AddParameter): Name = "Tolerance"; Value = "+/- 10%"; VariantName = "[No Variations]"
Add component (AddParameter): Name = "Value"; Value = "1uF"; VariantName = "[No Variations]"
Add component (AddParameter): Name = "Verified By"; Value = ""; VariantName = "[No Variations]"
Add component (AddParameter): Name = "Voltage"; Value = "16V"; VariantName = "[No Variations]"
Added Component: Designator=C16(CAPACITOR_0402)
Add component (AddParameter): Name = "Made By"; Value = "Robert Pafford"; VariantName = "[No Variations]"
Add component (AddParameter): Name = "Supplier 1"; Value = "Digi-Key"; VariantName = "[No Variations]"
Add component (AddParameter): Name = "Supplier Part Number 1"; Value = "478-0402YD105KAT4ADKR-ND"; VariantName = "[No Variations]"
Add component (AddParameter): Name = "Tolerance"; Value = "+/- 10%"; VariantName = "[No Variations]"
Add component (AddParameter): Name = "Value"; Value = "1uF"; VariantName = "[No Variations]"
Add component (AddParameter): Name = "Verified By"; Value = ""; VariantName = "[No Variations]"
Add component (AddParameter): Name = "Voltage"; Value = "16V"; VariantName = "[No Variations]"
Added Component: Designator=C17(CAPACITOR_0402)
Add component (AddParameter): Name = "Made By"; Value = "Robert Pafford"; VariantName = "[No Variations]"
Add component (AddParameter): Name = "Supplier 1"; Value = "Digi-Key"; VariantName = "[No Variations]"
Add component (AddParameter): Name = "Supplier Part Number 1"; Value = "478-7868-1-ND"; VariantName = "[No Variations]"
Add component (AddParameter): Name = "Tolerance"; Value = "+/- 10%"; VariantName = "[No Variations]"
Add component (AddParameter): Name = "Value"; Value = "0.1uF"; VariantName = "[No Variations]"
Add component (AddParameter): Name = "Verified By"; Value = ""; VariantName = "[No Variations]"
Add component (AddParameter): Name = "Voltage"; Value = "25V"; VariantName = "[No Variations]"
Added Component: Designator=C18(CAPACITOR_0402)
Add component (AddParameter): Name = "Made By"; Value = "Robert Pafford"; VariantName = "[No Variations]"
Add component (AddParameter): Name = "Supplier 1"; Value = "Digi-Key"; VariantName = "[No Variations]"
Add component (AddParameter): Name = "Supplier Part Number 1"; Value = "478-7868-1-ND"; VariantName = "[No Variations]"
Add component (AddParameter): Name = "Tolerance"; Value = "+/- 10%"; VariantName = "[No Variations]"
Add component (AddParameter): Name = "Value"; Value = "0.1uF"; VariantName = "[No Variations]"
Add component (AddParameter): Name = "Verified By"; Value = ""; VariantName = "[No Variations]"
Add component (AddParameter): Name = "Voltage"; Value = "25V"; VariantName = "[No Variations]"
Added Component: Designator=C19(CAPACITOR_0402)
Add component (AddParameter): Name = "Made By"; Value = "Robert Pafford"; VariantName = "[No Variations]"
Add component (AddParameter): Name = "Supplier 1"; Value = "Digi-Key"; VariantName = "[No Variations]"
Add component (AddParameter): Name = "Supplier Part Number 1"; Value = "478-7868-1-ND"; VariantName = "[No Variations]"
Add component (AddParameter): Name = "Tolerance"; Value = "+/- 10%"; VariantName = "[No Variations]"
Add component (AddParameter): Name = "Value"; Value = "0.1uF"; VariantName = "[No Variations]"
Add component (AddParameter): Name = "Verified By"; Value = ""; VariantName = "[No Variations]"
Add component (AddParameter): Name = "Voltage"; Value = "25V"; VariantName = "[No Variations]"
Added Component: Designator=C20(CAPACITOR_0402)
Add component (AddParameter): Name = "Made By"; Value = "Robert Pafford"; VariantName = "[No Variations]"
Add component (AddParameter): Name = "Supplier 1"; Value = "Digi-Key"; VariantName = "[No Variations]"
Add component (AddParameter): Name = "Supplier Part Number 1"; Value = "478-7868-1-ND"; VariantName = "[No Variations]"
Add component (AddParameter): Name = "Tolerance"; Value = "+/- 10%"; VariantName = "[No Variations]"
Add component (AddParameter): Name = "Value"; Value = "0.1uF"; VariantName = "[No Variations]"
Add component (AddParameter): Name = "Verified By"; Value = ""; VariantName = "[No Variations]"
Add component (AddParameter): Name = "Voltage"; Value = "25V"; VariantName = "[No Variations]"
Added Component: Designator=C21(CAPACITOR_0603)
Add component (AddParameter): Name = "ComponentLink1Description"; Value = "Datsheet"; VariantName = "[No Variations]"
Add component (AddParameter): Name = "ComponentLink1URL"; Value = "https://www.mouser.com/datasheet/2/212/KEM_C1002_X7R_SMD-1102033.pdf"; VariantName = "[No Variations]"
Add component (AddParameter): Name = "Made By"; Value = "Flip B"; VariantName = "[No Variations]"
Add component (AddParameter): Name = "Supplier 1"; Value = "Digi-Key"; VariantName = "[No Variations]"
Add component (AddParameter): Name = "Supplier Part Number 1"; Value = "311-1061-1-ND"; VariantName = "[No Variations]"
Add component (AddParameter): Name = "Tolerance"; Value = "+/- 5%"; VariantName = "[No Variations]"
Add component (AddParameter): Name = "Value"; Value = "18pF"; VariantName = "[No Variations]"
Add component (AddParameter): Name = "Verified By"; Value = ""; VariantName = "[No Variations]"
Add component (AddParameter): Name = "Voltage"; Value = "50V"; VariantName = "[No Variations]"
Added Component: Designator=C22(CAPACITOR_0603)
Add component (AddParameter): Name = "ComponentLink1Description"; Value = "Datsheet"; VariantName = "[No Variations]"
Add component (AddParameter): Name = "ComponentLink1URL"; Value = "https://www.mouser.com/datasheet/2/212/KEM_C1002_X7R_SMD-1102033.pdf"; VariantName = "[No Variations]"
Add component (AddParameter): Name = "Made By"; Value = "Flip B"; VariantName = "[No Variations]"
Add component (AddParameter): Name = "Supplier 1"; Value = "Digi-Key"; VariantName = "[No Variations]"
Add component (AddParameter): Name = "Supplier Part Number 1"; Value = "311-1061-1-ND"; VariantName = "[No Variations]"
Add component (AddParameter): Name = "Tolerance"; Value = "+/- 5%"; VariantName = "[No Variations]"
Add component (AddParameter): Name = "Value"; Value = "18pF"; VariantName = "[No Variations]"
Add component (AddParameter): Name = "Verified By"; Value = ""; VariantName = "[No Variations]"
Add component (AddParameter): Name = "Voltage"; Value = "50V"; VariantName = "[No Variations]"
Added Component: Designator=C23(CAPACITOR_0402)
Add component (AddParameter): Name = "Made By"; Value = "Robert Pafford"; VariantName = "[No Variations]"
Add component (AddParameter): Name = "Supplier 1"; Value = "Digi-Key"; VariantName = "[No Variations]"
Add component (AddParameter): Name = "Supplier Part Number 1"; Value = "478-7868-1-ND"; VariantName = "[No Variations]"
Add component (AddParameter): Name = "Tolerance"; Value = "+/- 10%"; VariantName = "[No Variations]"
Add component (AddParameter): Name = "Value"; Value = "0.1uF"; VariantName = "[No Variations]"
Add component (AddParameter): Name = "Verified By"; Value = ""; VariantName = "[No Variations]"
Add component (AddParameter): Name = "Voltage"; Value = "25V"; VariantName = "[No Variations]"
Added Component: Designator=DNP1(RESISTOR_0402)
Added Component: Designator=DNP2(RESISTOR_0402)
Added Component: Designator=DNP3(RESISTOR_0402)
Added Component: Designator=DNP4(RESISTOR_0402)
Added Component: Designator=DNP5(RESISTOR_0402)
Added Component: Designator=DNP6(RESISTOR_0402)
Added Component: Designator=DNP7(RESISTOR_0402)
Added Component: Designator=DNP8(RESISTOR_0402)
Added Component: Designator=DNP9(RESISTOR_0402)
Added Component: Designator=R7(RESISTOR_0402)
Add component (AddParameter): Name = "Made By"; Value = "Robert Pafford"; VariantName = "[No Variations]"
Add component (AddParameter): Name = "Supplier 1"; Value = "Digikey"; VariantName = "[No Variations]"
Add component (AddParameter): Name = "Supplier Part Number 1"; Value = "13-AC0402FR-070RLCT-ND"; VariantName = "[No Variations]"
Add component (AddParameter): Name = "Tolerance"; Value = "+/- 1%"; VariantName = "[No Variations]"
Add component (AddParameter): Name = "Value  (Ohms)"; Value = "0"; VariantName = "[No Variations]"
Add component (AddParameter): Name = "Verified By"; Value = ""; VariantName = "[No Variations]"
Add component (AddParameter): Name = "Wattage"; Value = "1/16W"; VariantName = "[No Variations]"
Added Component: Designator=R8(RESISTOR_0402)
Add component (AddParameter): Name = "Made By"; Value = "Robert Pafford"; VariantName = "[No Variations]"
Add component (AddParameter): Name = "Supplier 1"; Value = "Digikey"; VariantName = "[No Variations]"
Add component (AddParameter): Name = "Supplier Part Number 1"; Value = "13-AC0402FR-070RLCT-ND"; VariantName = "[No Variations]"
Add component (AddParameter): Name = "Tolerance"; Value = "+/- 1%"; VariantName = "[No Variations]"
Add component (AddParameter): Name = "Value  (Ohms)"; Value = "0"; VariantName = "[No Variations]"
Add component (AddParameter): Name = "Verified By"; Value = ""; VariantName = "[No Variations]"
Add component (AddParameter): Name = "Wattage"; Value = "1/16W"; VariantName = "[No Variations]"
Added Component: Designator=R9(RESISTOR_0402)
Add component (AddParameter): Name = "Digikey Part Numer"; Value = "CR0603-JW-104ELFTR-ND"; VariantName = "[No Variations]"
Add component (AddParameter): Name = "Made By"; Value = "Robert Pafford"; VariantName = "[No Variations]"
Add component (AddParameter): Name = "Supplier"; Value = "Digikey"; VariantName = "[No Variations]"
Add component (AddParameter): Name = "Supplier 1"; Value = "Digi-Key"; VariantName = "[No Variations]"
Add component (AddParameter): Name = "Supplier Part Number 1"; Value = "13-AC0402FR-131KLCT-ND"; VariantName = "[No Variations]"
Add component (AddParameter): Name = "Tolerance"; Value = "+/- 1%"; VariantName = "[No Variations]"
Add component (AddParameter): Name = "Value  (Ohms)"; Value = "1K"; VariantName = "[No Variations]"
Add component (AddParameter): Name = "Verified By"; Value = ""; VariantName = "[No Variations]"
Add component (AddParameter): Name = "Wattage"; Value = "1/16W"; VariantName = "[No Variations]"
Added Component: Designator=U3(SOIC-14)
Add component (AddParameter): Name = "Made By"; Value = "Robert Pafford"; VariantName = "[No Variations]"
Add component (AddParameter): Name = "Max FD Rate"; Value = "8 Mbps"; VariantName = "[No Variations]"
Added Component: Designator=U5(SOT-353)
Add component (AddParameter): Name = "Made By"; Value = "Ethan Rosati"; VariantName = "[No Variations]"
Add component (AddParameter): Name = "Max Voltage"; Value = "5.5 V"; VariantName = "[No Variations]"
Add component (AddParameter): Name = "Min Voltage"; Value = "2 V"; VariantName = "[No Variations]"
Add component (AddParameter): Name = "Output Current"; Value = "200 mA"; VariantName = "[No Variations]"
Add component (AddParameter): Name = "Output Voltage"; Value = "1.8 V"; VariantName = "[No Variations]"
Add component (AddParameter): Name = "Reviewed By"; Value = ""; VariantName = "[No Variations]"
Add component (AddParameter): Name = "Supplier 1"; Value = "Mouser"; VariantName = "[No Variations]"
Add component (AddParameter): Name = "Supplier Part Number 1"; Value = "595-TLV70018DCKR"; VariantName = "[No Variations]"
Added Component: Designator=U6(QFN-32)
Add component (AddParameter): Name = "Created By"; Value = "Ethan Rosati"; VariantName = "[No Variations]"
Add component (AddParameter): Name = "Reviewed By"; Value = ""; VariantName = "[No Variations]"
Add component (AddParameter): Name = "Supplier 1"; Value = "Digikey"; VariantName = "[No Variations]"
Add component (AddParameter): Name = "Supplier Part Number 1"; Value = "1016-1969-ND"; VariantName = "[No Variations]"
Add component (AddParameter): Name = "Supply Voltage"; Value = "3V - 5.5V"; VariantName = "[No Variations]"
Added Component: Designator=U7(TQFN-24)
Added Component: Designator=Y1(2-SMD (8x3.7))
Added Pin To Net: NetName=3v3 Pin=C14-1
Added Pin To Net: NetName=GND Pin=C14-2
Added Pin To Net: NetName=1V8 Pin=C15-1
Added Pin To Net: NetName=GND Pin=C15-2
Added Pin To Net: NetName=3v3 Pin=C16-1
Added Pin To Net: NetName=GND Pin=C16-2
Added Pin To Net: NetName=NetC17_1 Pin=C17-1
Added Pin To Net: NetName=NetC17_2 Pin=C17-2
Added Pin To Net: NetName=NetC18_1 Pin=C18-1
Added Pin To Net: NetName=GND Pin=C18-2
Added Pin To Net: NetName=NetC19_1 Pin=C19-1
Added Pin To Net: NetName=NetC19_2 Pin=C19-2
Added Pin To Net: NetName=NetC20_1 Pin=C20-1
Added Pin To Net: NetName=GND Pin=C20-2
Added Pin To Net: NetName=GND Pin=C21-1
Added Pin To Net: NetName=NetC21_2 Pin=C21-2
Added Pin To Net: NetName=GND Pin=C22-1
Added Pin To Net: NetName=NetC22_2 Pin=C22-2
Added Pin To Net: NetName=3v3 Pin=C23-1
Added Pin To Net: NetName=GND Pin=C23-2
Added Pin To Net: NetName=NetDNP1_1 Pin=DNP1-1
Added Pin To Net: NetName=NetDNP2_2 Pin=DNP2-2
Added Pin To Net: NetName=NetDNP3_2 Pin=DNP3-2
Added Pin To Net: NetName=NetDNP4_1 Pin=DNP4-1
Added Pin To Net: NetName=NetDNP5_1 Pin=DNP5-1
Added Pin To Net: NetName=NetDNP5_2 Pin=DNP5-2
Added Pin To Net: NetName=NetDNP6_1 Pin=DNP6-1
Added Pin To Net: NetName=NetDNP6_2 Pin=DNP6-2
Added Pin To Net: NetName=NetDNP7_1 Pin=DNP7-1
Added Pin To Net: NetName=NetDNP7_2 Pin=DNP7-2
Added Pin To Net: NetName=NetDNP8_1 Pin=DNP8-1
Added Pin To Net: NetName=NetDNP8_2 Pin=DNP8-2
Added Pin To Net: NetName=NetDNP9_1 Pin=DNP9-1
Added Pin To Net: NetName=NetDNP9_2 Pin=DNP9-2
Added Pin To Net: NetName=NetR7_1 Pin=R7-1
Added Pin To Net: NetName=1V8 Pin=R7-2
Added Pin To Net: NetName=NetR8_1 Pin=R8-1
Added Pin To Net: NetName=1V8 Pin=R8-2
Added Pin To Net: NetName=NetR9_1 Pin=R9-1
Added Pin To Net: NetName=3v3 Pin=R9-2
Added Pin To Net: NetName=can0_dout Pin=U3-1
Added Pin To Net: NetName=can0_din Pin=U3-2
Added Pin To Net: NetName=NetDNP1_1 Pin=U3-3
Added Pin To Net: NetName=GPIO11 Pin=U3-4
Added Pin To Net: NetName=NetDNP4_1 Pin=U3-5
Added Pin To Net: NetName=GPIO07/PWM Pin=U3-6
Added Pin To Net: NetName=GND Pin=U3-7
Added Pin To Net: NetName=NetDNP3_2 Pin=U3-8
Added Pin To Net: NetName=NetDNP2_2 Pin=U3-9
Added Pin To Net: NetName=SPI0_SCK Pin=U3-10
Added Pin To Net: NetName=SPI0_MOSI Pin=U3-11
Added Pin To Net: NetName=SPI0_MISO Pin=U3-12
Added Pin To Net: NetName=SPI0_CS0 Pin=U3-13
Added Pin To Net: NetName=3v3 Pin=U3-14
Added Pin To Net: NetName=3v3 Pin=U5-1
Added Pin To Net: NetName=GND Pin=U5-2
Added Pin To Net: NetName=3v3 Pin=U5-3
Added Pin To Net: NetName=GND Pin=U5-4
Added Pin To Net: NetName=1V8 Pin=U5-5
Added Pin To Net: NetName=GND Pin=U6-2
Added Pin To Net: NetName=TR_N Pin=U6-3
Added Pin To Net: NetName=TR_P Pin=U6-4
Added Pin To Net: NetName=GND Pin=U6-6
Added Pin To Net: NetName=UART_RX1 Pin=U6-7
Added Pin To Net: NetName=1V8 Pin=U6-10
Added Pin To Net: NetName=1V8 Pin=U6-11
Added Pin To Net: NetName=NetR7_1 Pin=U6-12
Added Pin To Net: NetName=NetR7_1 Pin=U6-13
Added Pin To Net: NetName=NetR8_1 Pin=U6-14
Added Pin To Net: NetName=GND Pin=U6-15
Added Pin To Net: NetName=GND Pin=U6-17
Added Pin To Net: NetName=REC_P Pin=U6-18
Added Pin To Net: NetName=REC_N Pin=U6-19
Added Pin To Net: NetName=GND Pin=U6-20
Added Pin To Net: NetName=1V8 Pin=U6-21
Added Pin To Net: NetName=UART_TX1 Pin=U6-22
Added Pin To Net: NetName=NetC20_1 Pin=U6-25
Added Pin To Net: NetName=NetC19_2 Pin=U6-26
Added Pin To Net: NetName=NetC19_1 Pin=U6-27
Added Pin To Net: NetName=NetC18_1 Pin=U6-28
Added Pin To Net: NetName=NetC17_2 Pin=U6-29
Added Pin To Net: NetName=1V8 Pin=U6-30
Added Pin To Net: NetName=3v3 Pin=U6-31
Added Pin To Net: NetName=NetC17_1 Pin=U6-32
Added Pin To Net: NetName=GND Pin=U6-33
Added Pin To Net: NetName=3v3 Pin=U7-1
Added Pin To Net: NetName=NetC21_2 Pin=U7-2
Added Pin To Net: NetName=NetC22_2 Pin=U7-3
Added Pin To Net: NetName=3v3 Pin=U7-4
Added Pin To Net: NetName=GND Pin=U7-5
Added Pin To Net: NetName=SPI0_CS0 Pin=U7-6
Added Pin To Net: NetName=SPI0_MOSI Pin=U7-7
Added Pin To Net: NetName=SPI0_MISO Pin=U7-8
Added Pin To Net: NetName=SPI0_SCK Pin=U7-9
Added Pin To Net: NetName=GND Pin=U7-10
Added Pin To Net: NetName=NetR9_1 Pin=U7-11
Added Pin To Net: NetName=NetDNP9_1 Pin=U7-12
Added Pin To Net: NetName=NetDNP9_2 Pin=U7-13
Added Pin To Net: NetName=NetDNP8_1 Pin=U7-14
Added Pin To Net: NetName=NetDNP8_2 Pin=U7-15
Added Pin To Net: NetName=GND Pin=U7-16
Added Pin To Net: NetName=NetDNP7_1 Pin=U7-17
Added Pin To Net: NetName=NetDNP7_2 Pin=U7-18
Added Pin To Net: NetName=NetDNP6_1 Pin=U7-19
Added Pin To Net: NetName=NetDNP6_2 Pin=U7-20
Added Pin To Net: NetName=NetDNP5_1 Pin=U7-21
Added Pin To Net: NetName=NetDNP5_2 Pin=U7-22
Added Pin To Net: NetName=UART_TX1 Pin=U7-23
Added Pin To Net: NetName=UART_RX1 Pin=U7-24
Added Pin To Net: NetName=GND Pin=U7-25
Added Pin To Net: NetName=NetC22_2 Pin=Y1-1
Added Pin To Net: NetName=NetC21_2 Pin=Y1-2
Added Member To Class: ClassName=jetson_nano_breakout_rev1 Member=Component C6 1uF Ceramic 16V
Added Member To Class: ClassName=jetson_nano_breakout_rev1 Member=Component C7 10uF Ceramic 6.3V
Added Member To Class: ClassName=jetson_nano_breakout_rev1 Member=Component C8 10nF Ceramic 6.3V
Added Member To Class: ClassName=jetson_nano_breakout_rev1 Member=Component C9 100nF Ceramic 25V
Added Member To Class: ClassName=jetson_nano_breakout_rev1 Member=Component C10 1uF Ceramic 16V
Added Member To Class: ClassName=jetson_nano_breakout_rev1 Member=Component C11 10uF Ceramic 6.3V
Added Member To Class: ClassName=jetson_nano_breakout_rev1 Member=Component C12 10nF Ceramic 6.3V
Added Member To Class: ClassName=SPItoRS422 Member=Component C14 1uF Ceramic 16V
Added Member To Class: ClassName=SPItoRS422 Member=Component C15 1uF Ceramic 16V
Added Member To Class: ClassName=SPItoRS422 Member=Component C16 1uF Ceramic 16V
Added Member To Class: ClassName=SPItoRS422 Member=Component C17 100nF Ceramic 25V
Added Member To Class: ClassName=SPItoRS422 Member=Component C18 100nF Ceramic 25V
Added Member To Class: ClassName=SPItoRS422 Member=Component C19 100nF Ceramic 25V
Added Member To Class: ClassName=SPItoRS422 Member=Component C20 100nF Ceramic 25V
Added Member To Class: ClassName=SPItoRS422 Member=Component C21 18pF Ceramic 50V
Added Member To Class: ClassName=SPItoRS422 Member=Component C22 18pF Ceramic 50V
Added Member To Class: ClassName=SPItoRS422 Member=Component C23 100nF Ceramic 25V
Added Member To Class: ClassName=jetson_nano_breakout_rev1 Member=Component DNP1 DNP
Added Member To Class: ClassName=jetson_nano_breakout_rev1 Member=Component DNP2 DNP
Added Member To Class: ClassName=jetson_nano_breakout_rev1 Member=Component DNP3 DNP
Added Member To Class: ClassName=jetson_nano_breakout_rev1 Member=Component DNP4 DNP
Added Member To Class: ClassName=SPItoRS422 Member=Component DNP5 DNP
Added Member To Class: ClassName=SPItoRS422 Member=Component DNP6 DNP
Added Member To Class: ClassName=SPItoRS422 Member=Component DNP7 DNP
Added Member To Class: ClassName=SPItoRS422 Member=Component DNP8 DNP
Added Member To Class: ClassName=SPItoRS422 Member=Component DNP9 DNP
Added Member To Class: ClassName=jetson_nano_breakout_rev1 Member=Component J1 7-534206-0
Added Member To Class: ClassName=jetson_nano_breakout_rev1 Member=Component J3 S4B-XH-A(LF)(SN)
Added Member To Class: ClassName=jetson_nano_breakout_rev1 Member=Component J4 S5B-XH-A(LF)(SN)
Added Member To Class: ClassName=jetson_nano_breakout_rev1 Member=Component J5 S2B-XH-A-GU
Added Member To Class: ClassName=jetson_nano_breakout_rev1 Member=Component R4 60.4 Ohm 1% 1/16W
Added Member To Class: ClassName=jetson_nano_breakout_rev1 Member=Component R5 60.4 Ohm 1% 1/16W
Added Member To Class: ClassName=jetson_nano_breakout_rev1 Member=Component R6 60.4 Ohm 1% 1/16W
Added Member To Class: ClassName=SPItoRS422 Member=Component R7 0 Ohm 1% 1/16W
Added Member To Class: ClassName=SPItoRS422 Member=Component R8 0 Ohm 1% 1/16W
Added Member To Class: ClassName=SPItoRS422 Member=Component R9 1k Ohm 1% 1/16W
Added Member To Class: ClassName=jetson_nano_breakout_rev1 Member=Component U1 SN65C3221EPWR
Added Member To Class: ClassName=jetson_nano_breakout_rev1 Member=Component U2 CAN Transceiver
Added Member To Class: ClassName=jetson_nano_breakout_rev1 Member=Component U3 MCP2517FD
Added Member To Class: ClassName=SPItoRS422 Member=Component U5 TLV70018DCKR
Added Member To Class: ClassName=SPItoRS422 Member=Component U6 SP335EER1-L
Added Member To Class: ClassName=SPItoRS422 Member=Component U7 PI7C9X760CZDEX
Added Member To Class: ClassName=SPItoRS422 Member=Component Y1 1.8432MHz
Added Room: Name=jetson_nano_breakout_rev1
