Add Pin To Net: Unknown Pin: Pin ECS-1-1
Add Pin To Net: Unknown Pin: Pin ECS-1-2
Add Net: Net with name "UART_RX" already exists
Add Net: Net with name "UART_TX" already exists
Added Member To Class: ClassName=jetson_nano_breakout_rev1 Member=Component C6 1uF Ceramic 16V
Added Member To Class: ClassName=jetson_nano_breakout_rev1 Member=Component C7 10uF Ceramic 6.3V
Added Member To Class: ClassName=jetson_nano_breakout_rev1 Member=Component C8 10nF Ceramic 6.3V
Added Member To Class: ClassName=jetson_nano_breakout_rev1 Member=Component C9 100nF Ceramic 25V
Added Member To Class: ClassName=jetson_nano_breakout_rev1 Member=Component C11 10uF Ceramic 6.3V
Added Member To Class: ClassName=jetson_nano_breakout_rev1 Member=Component C12 10nF Ceramic 6.3V
Add Class Member: Failed to add class member : Component ECS-1 Crystal
Added Member To Class: ClassName=jetson_nano_breakout_rev1 Member=Component J1 7-534206-0
Added Member To Class: ClassName=jetson_nano_breakout_rev1 Member=Component J3 S4B-XH-A(LF)(SN)
Added Member To Class: ClassName=jetson_nano_breakout_rev1 Member=Component J4 S5B-XH-A(LF)(SN)
Added Member To Class: ClassName=jetson_nano_breakout_rev1 Member=Component J5 S2B-XH-A-GU
Added Member To Class: ClassName=jetson_nano_breakout_rev1 Member=Component R4 60.4 Ohm 1% 1/16W
Added Member To Class: ClassName=jetson_nano_breakout_rev1 Member=Component R5 60.4 Ohm 1% 1/16W
Added Member To Class: ClassName=jetson_nano_breakout_rev1 Member=Component R6 60.4 Ohm 1% 1/16W
Added Member To Class: ClassName=jetson_nano_breakout_rev1 Member=Component U1 SN65C3221EPWR
Added Member To Class: ClassName=jetson_nano_breakout_rev1 Member=Component U2 CAN Transceiver
Added Member To Class: ClassName=jetson_nano_breakout_rev1 Member=Component U3 MCP2517FD
