Change Component Designator: Old Designator=C1 New Designator=C15
Change Component Designator: Old Designator=C1 New Designator=C22
Change Component Designator: Old Designator=C2 New Designator=C16
Change Component Designator: Old Designator=C2 New Designator=C21
Change Component Designator: Old Designator=C2 New Designator=C23
Change Component Designator: Old Designator=C3 New Designator=C13
Change Component Designator: Old Designator=C4 New Designator=C14
Change Component Designator: Old Designator=C5 New Designator=C17
Change Component Designator: Old Designator=C6 New Designator=C18
Change Component Designator: Old Designator=C7 New Designator=C19
Change Component Designator: Old Designator=C8 New Designator=C20
Change Component Designator: Old Designator=DNP? New Designator=DNP5
Change Component Designator: Old Designator=DNP? New Designator=DNP6
Change Component Designator: Old Designator=DNP? New Designator=DNP7
Change Component Designator: Old Designator=ECS-18-S-1X New Designator=ECS-1
Change Component Designator: Old Designator=R1 New Designator=R8
Change Component Designator: Old Designator=R1 New Designator=R9
Change Component Designator: Old Designator=R2 New Designator=R7
Change Component Designator: Old Designator=U1 New Designator=U5
Change Component Designator: Old Designator=U2 New Designator=U6
Change Component Designator: Old Designator=U3 New Designator=U7
