Added Component: Designator=C2(CAPACITOR_0603)
Add component (AddParameter): Name = "ComponentLink1Description"; Value = "Digikey"; VariantName = "[No Variations]"
Add component (AddParameter): Name = "ComponentLink1URL"; Value = "https://www.digikey.com/en/products/detail/samsung-electro-mechanics/CL10A106MQ8NNNC/3886777"; VariantName = "[No Variations]"
Add component (AddParameter): Name = "Made By"; Value = "Flip B"; VariantName = "[No Variations]"
Add component (AddParameter): Name = "Supplier 1"; Value = "Digi-Key"; VariantName = "[No Variations]"
Add component (AddParameter): Name = "Supplier Part Number 1"; Value = "1276-1119-1-ND"; VariantName = "[No Variations]"
Add component (AddParameter): Name = "Tolerance"; Value = "+/- 20%"; VariantName = "[No Variations]"
Add component (AddParameter): Name = "Value (uF)"; Value = "10 uF"; VariantName = "[No Variations]"
Add component (AddParameter): Name = "Verified By"; Value = ""; VariantName = "[No Variations]"
Add component (AddParameter): Name = "Voltage"; Value = "6.3V"; VariantName = "[No Variations]"
Added Component: Designator=C4(CAPACITOR_0603)
Add component (AddParameter): Name = "ComponentLink1Description"; Value = "Digikey"; VariantName = "[No Variations]"
Add component (AddParameter): Name = "ComponentLink1URL"; Value = "https://www.digikey.com/en/products/detail/samsung-electro-mechanics/CL10A106MQ8NNNC/3886777"; VariantName = "[No Variations]"
Add component (AddParameter): Name = "Made By"; Value = "Flip B"; VariantName = "[No Variations]"
Add component (AddParameter): Name = "Supplier 1"; Value = "Digi-Key"; VariantName = "[No Variations]"
Add component (AddParameter): Name = "Supplier Part Number 1"; Value = "1276-1119-1-ND"; VariantName = "[No Variations]"
Add component (AddParameter): Name = "Tolerance"; Value = "+/- 20%"; VariantName = "[No Variations]"
Add component (AddParameter): Name = "Value (uF)"; Value = "10 uF"; VariantName = "[No Variations]"
Add component (AddParameter): Name = "Verified By"; Value = ""; VariantName = "[No Variations]"
Add component (AddParameter): Name = "Voltage"; Value = "6.3V"; VariantName = "[No Variations]"
Added Component: Designator=PS1(MD212D-05)
Add component (AddParameter): Name = "Created By"; Value = "John Ulm"; VariantName = "[No Variations]"
Add component (AddParameter): Name = "Efficiency"; Value = "75%"; VariantName = "[No Variations]"
Add component (AddParameter): Name = "Manufacturer"; Value = "MicroPower Direct"; VariantName = "[No Variations]"
Add component (AddParameter): Name = "Power (W)"; Value = "2"; VariantName = "[No Variations]"
Add component (AddParameter): Name = "Supplier 1"; Value = "DigiKey"; VariantName = "[No Variations]"
Add component (AddParameter): Name = "Supplier Part Number 1"; Value = "5943-MD212D-05-ND"; VariantName = "[No Variations]"
Add component (AddParameter): Name = "Vin (V)"; Value = "12"; VariantName = "[No Variations]"
Add component (AddParameter): Name = "Vout1 (V)"; Value = "+5"; VariantName = "[No Variations]"
Add component (AddParameter): Name = "Vout2 (V)"; Value = "-5"; VariantName = "[No Variations]"
Added Component: Designator=R13(RESISTOR_0402)
Add component (AddParameter): Name = "Digikey Part Numer"; Value = "CR0603-JW-104ELFTR-ND"; VariantName = "[No Variations]"
Add component (AddParameter): Name = "Made By"; Value = "Robert Pafford"; VariantName = "[No Variations]"
Add component (AddParameter): Name = "Supplier"; Value = "Digikey"; VariantName = "[No Variations]"
Add component (AddParameter): Name = "Supplier 1"; Value = "Digi-Key"; VariantName = "[No Variations]"
Add component (AddParameter): Name = "Supplier Part Number 1"; Value = "13-AC0402FR-131KLCT-ND"; VariantName = "[No Variations]"
Add component (AddParameter): Name = "Tolerance"; Value = "+/- 1%"; VariantName = "[No Variations]"
Add component (AddParameter): Name = "Value  (Ohms)"; Value = "1K"; VariantName = "[No Variations]"
Add component (AddParameter): Name = "Verified By"; Value = ""; VariantName = "[No Variations]"
Add component (AddParameter): Name = "Wattage"; Value = "1/16W"; VariantName = "[No Variations]"
Added Component: Designator=R14(RESISTOR_0402)
Add component (AddParameter): Name = "Digikey Part Numer"; Value = "CR0603-JW-104ELFTR-ND"; VariantName = "[No Variations]"
Add component (AddParameter): Name = "Made By"; Value = "Robert Pafford"; VariantName = "[No Variations]"
Add component (AddParameter): Name = "Supplier"; Value = "Digikey"; VariantName = "[No Variations]"
Add component (AddParameter): Name = "Supplier 1"; Value = "Digi-Key"; VariantName = "[No Variations]"
Add component (AddParameter): Name = "Supplier Part Number 1"; Value = "13-AC0402FR-131KLCT-ND"; VariantName = "[No Variations]"
Add component (AddParameter): Name = "Tolerance"; Value = "+/- 1%"; VariantName = "[No Variations]"
Add component (AddParameter): Name = "Value  (Ohms)"; Value = "1K"; VariantName = "[No Variations]"
Add component (AddParameter): Name = "Verified By"; Value = ""; VariantName = "[No Variations]"
Add component (AddParameter): Name = "Wattage"; Value = "1/16W"; VariantName = "[No Variations]"
Added Component: Designator=R19(RESISTOR_0402)
Add component (AddParameter): Name = "Digikey Part Numer"; Value = "CR0603-JW-104ELFTR-ND"; VariantName = "[No Variations]"
Add component (AddParameter): Name = "Made By"; Value = "Robert Pafford"; VariantName = "[No Variations]"
Add component (AddParameter): Name = "Supplier"; Value = "Digikey"; VariantName = "[No Variations]"
Add component (AddParameter): Name = "Supplier 1"; Value = "Digi-Key"; VariantName = "[No Variations]"
Add component (AddParameter): Name = "Supplier Part Number 1"; Value = "13-AC0402FR-131KLCT-ND"; VariantName = "[No Variations]"
Add component (AddParameter): Name = "Tolerance"; Value = "+/- 1%"; VariantName = "[No Variations]"
Add component (AddParameter): Name = "Value  (Ohms)"; Value = "1K"; VariantName = "[No Variations]"
Add component (AddParameter): Name = "Verified By"; Value = ""; VariantName = "[No Variations]"
Add component (AddParameter): Name = "Wattage"; Value = "1/16W"; VariantName = "[No Variations]"
Added Component: Designator=R24(RESISTOR_0402)
Add component (AddParameter): Name = "Digikey Part Numer"; Value = "CR0603-JW-104ELFTR-ND"; VariantName = "[No Variations]"
Add component (AddParameter): Name = "Made By"; Value = "Robert Pafford"; VariantName = "[No Variations]"
Add component (AddParameter): Name = "Supplier"; Value = "Digikey"; VariantName = "[No Variations]"
Add component (AddParameter): Name = "Supplier 1"; Value = "Digi-Key"; VariantName = "[No Variations]"
Add component (AddParameter): Name = "Supplier Part Number 1"; Value = "13-AC0402FR-131KLCT-ND"; VariantName = "[No Variations]"
Add component (AddParameter): Name = "Tolerance"; Value = "+/- 1%"; VariantName = "[No Variations]"
Add component (AddParameter): Name = "Value  (Ohms)"; Value = "1K"; VariantName = "[No Variations]"
Add component (AddParameter): Name = "Verified By"; Value = ""; VariantName = "[No Variations]"
Add component (AddParameter): Name = "Wattage"; Value = "1/16W"; VariantName = "[No Variations]"
Added Pin To Net: NetName=+5V Pin=C2-1
Added Pin To Net: NetName=GND Pin=C2-2
Added Pin To Net: NetName=GND Pin=C4-1
Added Pin To Net: NetName=-5V Pin=C4-2
Added Pin To Net: NetName=5V Pin=C7-1
Added Pin To Net: NetName=GND Pin=C7-2
Added Pin To Net: NetName=Filter_CH2 Pin=C8-1
Added Pin To Net: NetName=NetC8_2 Pin=C8-2
Added Pin To Net: NetName=NetC9_1 Pin=C9-1
Added Pin To Net: NetName=NetC9_2 Pin=C9-2
Added Pin To Net: NetName=-5V Pin=C10-1
Added Pin To Net: NetName=GND Pin=C10-2
Added Pin To Net: NetName=5V Pin=C11-1
Added Pin To Net: NetName=GND Pin=C11-2
Added Pin To Net: NetName=5V Pin=C12-1
Added Pin To Net: NetName=GND Pin=C12-2
Added Pin To Net: NetName=Filter_CH4 Pin=C13-1
Added Pin To Net: NetName=NetC13_2 Pin=C13-2
Added Pin To Net: NetName=Filter_CH3 Pin=C14-1
Added Pin To Net: NetName=NetC14_2 Pin=C14-2
Added Pin To Net: NetName=NetC15_1 Pin=C15-1
Added Pin To Net: NetName=NetC15_2 Pin=C15-2
Added Pin To Net: NetName=NetC16_1 Pin=C16-1
Added Pin To Net: NetName=NetC16_2 Pin=C16-2
Added Pin To Net: NetName=-5V Pin=C17-1
Added Pin To Net: NetName=GND Pin=C17-2
Added Pin To Net: NetName=-5V Pin=C18-1
Added Pin To Net: NetName=GND Pin=C18-2
Added Pin To Net: NetName=GND Pin=D2-1
Added Pin To Net: NetName=Filter_CH2 Pin=D2-2
Added Pin To Net: NetName=GND Pin=D3-1
Added Pin To Net: NetName=Filter_CH4 Pin=D3-2
Added Pin To Net: NetName=GND Pin=D4-1
Added Pin To Net: NetName=Filter_CH3 Pin=D4-2
Added Pin To Net: NetName=NetC9_1 Pin=DNP2-1
Added Pin To Net: NetName=GND Pin=DNP2-2
Added Pin To Net: NetName=NetC15_1 Pin=DNP3-1
Added Pin To Net: NetName=GND Pin=DNP3-2
Added Pin To Net: NetName=NetC16_1 Pin=DNP4-1
Added Pin To Net: NetName=GND Pin=DNP4-2
Added Pin To Net: NetName=+5V Pin=PS1-4
Added Pin To Net: NetName=GND Pin=PS1-5
Added Pin To Net: NetName=-5V Pin=PS1-6
Added Pin To Net: NetName=NetR7_1 Pin=R7-1
Added Pin To Net: NetName=GND Pin=R7-2
Added Pin To Net: NetName=NetR7_1 Pin=R8-1
Added Pin To Net: NetName=NetC8_2 Pin=R8-2
Added Pin To Net: NetName=3V3 Pin=R9-1
Added Pin To Net: NetName=Filter_CH2 Pin=R9-2
Added Pin To Net: NetName=NetC9_2 Pin=R10-1
Added Pin To Net: NetName=Audio_CH2 Pin=R10-2
Added Pin To Net: NetName=NetC9_1 Pin=R11-1
Added Pin To Net: NetName=GND Pin=R11-2
Added Pin To Net: NetName=Filter_CH2 Pin=R12-1
Added Pin To Net: NetName=GND Pin=R12-2
Added Pin To Net: NetName=Audio_CH1 Pin=R13-1
Added Pin To Net: NetName=GND Pin=R13-2
Added Pin To Net: NetName=Audio_CH2 Pin=R14-1
Added Pin To Net: NetName=GND Pin=R14-2
Added Pin To Net: NetName=NetR15_1 Pin=R15-1
Added Pin To Net: NetName=GND Pin=R15-2
Added Pin To Net: NetName=NetR16_1 Pin=R16-1
Added Pin To Net: NetName=GND Pin=R16-2
Added Pin To Net: NetName=NetR15_1 Pin=R17-1
Added Pin To Net: NetName=NetC13_2 Pin=R17-2
Added Pin To Net: NetName=NetR16_1 Pin=R18-1
Added Pin To Net: NetName=NetC14_2 Pin=R18-2
Added Pin To Net: NetName=Audio_CH3 Pin=R19-1
Added Pin To Net: NetName=GND Pin=R19-2
Added Pin To Net: NetName=3V3 Pin=R20-1
Added Pin To Net: NetName=Filter_CH4 Pin=R20-2
Added Pin To Net: NetName=3V3 Pin=R21-1
Added Pin To Net: NetName=Filter_CH3 Pin=R21-2
Added Pin To Net: NetName=NetC15_2 Pin=R22-1
Added Pin To Net: NetName=Audio_CH4 Pin=R22-2
Added Pin To Net: NetName=NetC16_2 Pin=R23-1
Added Pin To Net: NetName=Audio_CH3 Pin=R23-2
Added Pin To Net: NetName=Audio_CH4 Pin=R24-1
Added Pin To Net: NetName=GND Pin=R24-2
Added Pin To Net: NetName=NetC15_1 Pin=R25-1
Added Pin To Net: NetName=GND Pin=R25-2
Added Pin To Net: NetName=Filter_CH4 Pin=R26-1
Added Pin To Net: NetName=GND Pin=R26-2
Added Pin To Net: NetName=NetC16_1 Pin=R27-1
Added Pin To Net: NetName=GND Pin=R27-2
Added Pin To Net: NetName=Filter_CH3 Pin=R28-1
Added Pin To Net: NetName=GND Pin=R28-2
Added Pin To Net: NetName=NetR7_1 Pin=U2-2
Added Pin To Net: NetName=NetC9_1 Pin=U2-3
Added Pin To Net: NetName=-5V Pin=U2-4
Added Pin To Net: NetName=NetC8_2 Pin=U2-6
Added Pin To Net: NetName=5V Pin=U2-7
Added Pin To Net: NetName=NetR15_1 Pin=U3-2
Added Pin To Net: NetName=NetC15_1 Pin=U3-3
Added Pin To Net: NetName=-5V Pin=U3-4
Added Pin To Net: NetName=NetC13_2 Pin=U3-6
Added Pin To Net: NetName=5V Pin=U3-7
Added Pin To Net: NetName=NetR16_1 Pin=U4-2
Added Pin To Net: NetName=NetC16_1 Pin=U4-3
Added Pin To Net: NetName=-5V Pin=U4-4
Added Pin To Net: NetName=NetC14_2 Pin=U4-6
Added Pin To Net: NetName=5V Pin=U4-7
Added Member To Class: ClassName=Connectors Member=Component C2 10uF Ceramic 6.3V
Added Member To Class: ClassName=Connectors Member=Component C4 10uF Ceramic 6.3V
Added Member To Class: ClassName=Connectors Member=Component C7 100nF Ceramic 25V
Added Member To Class: ClassName=Connectors Member=Component C8 10uF Ceramic 25V
Added Member To Class: ClassName=Connectors Member=Component C9 10uF Ceramic 25V
Added Member To Class: ClassName=Connectors Member=Component C10 100nF Ceramic 25V
Added Member To Class: ClassName=Connectors Member=Component C11 100nF Ceramic 25V
Added Member To Class: ClassName=Connectors Member=Component C12 100nF Ceramic 25V
Added Member To Class: ClassName=Connectors Member=Component C13 10uF Ceramic 25V
Added Member To Class: ClassName=Connectors Member=Component C14 10uF Ceramic 25V
Added Member To Class: ClassName=Connectors Member=Component C15 10uF Ceramic 25V
Added Member To Class: ClassName=Connectors Member=Component C16 10uF Ceramic 25V
Added Member To Class: ClassName=Connectors Member=Component C17 100nF Ceramic 25V
Added Member To Class: ClassName=Connectors Member=Component C18 100nF Ceramic 25V
Added Member To Class: ClassName=Connectors Member=Component D2 Zener_Diode_3.3V_250mW_1
Added Member To Class: ClassName=Connectors Member=Component D3 Zener_Diode_3.3V_250mW_1
Added Member To Class: ClassName=Connectors Member=Component D4 Zener_Diode_3.3V_250mW_1
Added Member To Class: ClassName=Connectors Member=Component DNP2 DNP
Added Member To Class: ClassName=Connectors Member=Component DNP3 DNP
Added Member To Class: ClassName=Connectors Member=Component DNP4 DNP
Added Member To Class: ClassName=Connectors Member=Component PS1 MD212D-05
Added Member To Class: ClassName=Connectors Member=Component R7 1k Ohm 1% 1/16W
Added Member To Class: ClassName=Connectors Member=Component R8 100k Ohm 1% 1/16W
Added Member To Class: ClassName=Connectors Member=Component R9 10k Ohm 1% 1/16W
Added Member To Class: ClassName=Connectors Member=Component R10 0.2 Ohm 5% 1/8W
Added Member To Class: ClassName=Connectors Member=Component R11 100k Ohm 1% 1/16W
Added Member To Class: ClassName=Connectors Member=Component R12 10k Ohm 1% 1/16W
Added Member To Class: ClassName=Connectors Member=Component R13 1k Ohm 1% 1/16W
Added Member To Class: ClassName=Connectors Member=Component R14 1k Ohm 1% 1/16W
Added Member To Class: ClassName=Connectors Member=Component R15 1k Ohm 1% 1/16W
Added Member To Class: ClassName=Connectors Member=Component R16 1k Ohm 1% 1/16W
Added Member To Class: ClassName=Connectors Member=Component R17 100k Ohm 1% 1/16W
Added Member To Class: ClassName=Connectors Member=Component R18 100k Ohm 1% 1/16W
Added Member To Class: ClassName=Connectors Member=Component R19 1k Ohm 1% 1/16W
Added Member To Class: ClassName=Connectors Member=Component R20 10k Ohm 1% 1/16W
Added Member To Class: ClassName=Connectors Member=Component R21 10k Ohm 1% 1/16W
Added Member To Class: ClassName=Connectors Member=Component R22 0.2 Ohm 5% 1/8W
Added Member To Class: ClassName=Connectors Member=Component R23 0.2 Ohm 5% 1/8W
Added Member To Class: ClassName=Connectors Member=Component R24 1k Ohm 1% 1/16W
Added Member To Class: ClassName=Connectors Member=Component R25 100k Ohm 1% 1/16W
Added Member To Class: ClassName=Connectors Member=Component R26 10k Ohm 1% 1/16W
Added Member To Class: ClassName=Connectors Member=Component R27 100k Ohm 1% 1/16W
Added Member To Class: ClassName=Connectors Member=Component R28 10k Ohm 1% 1/16W
Added Member To Class: ClassName=Connectors Member=Component U2 OPA228U
Added Member To Class: ClassName=Connectors Member=Component U3 OPA228U
Added Member To Class: ClassName=Connectors Member=Component U4 OPA228U
Added Room: Name=Connectors
