Change Component Designator: OldDesignator=C1 NewDesignator=C5
Change Component Designator: OldDesignator=C2 NewDesignator=C8
Change Component Designator: OldDesignator=C3 NewDesignator=C4
Change Component Designator: OldDesignator=C4 NewDesignator=C10
Change Component Designator: OldDesignator=C5 NewDesignator=C11
Change Component Designator: OldDesignator=C6 NewDesignator=C1
Change Component Designator: OldDesignator=C7 NewDesignator=C2
Change Component Designator: OldDesignator=C8 NewDesignator=C3
Change Component Designator: OldDesignator=C9 NewDesignator=C6
Change Component Designator: OldDesignator=C10 NewDesignator=C7
Change Component Designator: OldDesignator=C11 NewDesignator=C9
Change Component Designator: OldDesignator=D2 NewDesignator=D3
Change Component Designator: OldDesignator=D3 NewDesignator=D7
Change Component Designator: OldDesignator=D7 NewDesignator=D1
Change Component Designator: OldDesignator=D11 NewDesignator=D2
Change Component Designator: OldDesignator=F1 NewDesignator=F4
Change Component Designator: OldDesignator=F2 NewDesignator=F1
Change Component Designator: OldDesignator=F3 NewDesignator=F2
Change Component Designator: OldDesignator=F4 NewDesignator=F3
Change Component Designator: OldDesignator=J1 NewDesignator=J6
Change Component Designator: OldDesignator=J2 NewDesignator=J3
Change Component Designator: OldDesignator=J3 NewDesignator=J10
Change Component Designator: OldDesignator=J4 NewDesignator=J13
Change Component Designator: OldDesignator=J5 NewDesignator=J7
Change Component Designator: OldDesignator=J6 NewDesignator=J4
Change Component Designator: OldDesignator=J7 NewDesignator=J1
Change Component Designator: OldDesignator=J8 NewDesignator=J14
Change Component Designator: OldDesignator=J9 NewDesignator=J8
Change Component Designator: OldDesignator=J10 NewDesignator=J15
Change Component Designator: OldDesignator=J11 NewDesignator=J9
Change Component Designator: OldDesignator=J12 NewDesignator=J5
Change Component Designator: OldDesignator=J13 NewDesignator=J2
Change Component Designator: OldDesignator=J14 NewDesignator=J16
Change Component Designator: OldDesignator=J15 NewDesignator=J12
Change Component Designator: OldDesignator=J16 NewDesignator=J11
Change Component Designator: OldDesignator=Q1 NewDesignator=Q4
Change Component Designator: OldDesignator=Q3 NewDesignator=Q1
Change Component Designator: OldDesignator=Q4 NewDesignator=Q8
Change Component Designator: OldDesignator=Q6 NewDesignator=Q3
Change Component Designator: OldDesignator=Q9 NewDesignator=Q5
Change Component Designator: OldDesignator=Q10 NewDesignator=Q7
Change Component Designator: OldDesignator=Q11 NewDesignator=Q6
Change Component Designator: OldDesignator=R1 NewDesignator=R5
Change Component Designator: OldDesignator=R2 NewDesignator=R3
Change Component Designator: OldDesignator=R3 NewDesignator=R28
Change Component Designator: OldDesignator=R4 NewDesignator=R8
Change Component Designator: OldDesignator=R5 NewDesignator=R6
Change Component Designator: OldDesignator=R6 NewDesignator=R13
Change Component Designator: OldDesignator=R7 NewDesignator=R23
Change Component Designator: OldDesignator=R8 NewDesignator=R25
Change Component Designator: OldDesignator=R9 NewDesignator=R1
Change Component Designator: OldDesignator=R10 NewDesignator=R31
Change Component Designator: OldDesignator=R11 NewDesignator=R30
Change Component Designator: OldDesignator=R12 NewDesignator=R4
Change Component Designator: OldDesignator=R13 NewDesignator=R29
Change Component Designator: OldDesignator=R15 NewDesignator=R24
Change Component Designator: OldDesignator=R18 NewDesignator=R22
Change Component Designator: OldDesignator=R19 NewDesignator=R32
Change Component Designator: OldDesignator=R20 NewDesignator=R19
Change Component Designator: OldDesignator=R22 NewDesignator=R18
Change Component Designator: OldDesignator=R23 NewDesignator=R2
Change Component Designator: OldDesignator=R24 NewDesignator=R12
Change Component Designator: OldDesignator=R25 NewDesignator=R16
Change Component Designator: OldDesignator=R26 NewDesignator=R17
Change Component Designator: OldDesignator=R27 NewDesignator=R9
Change Component Designator: OldDesignator=R28 NewDesignator=R10
Change Component Designator: OldDesignator=R29 NewDesignator=R14
Change Component Designator: OldDesignator=R30 NewDesignator=R15
Change Component Designator: OldDesignator=R31 NewDesignator=R11
Change Component Designator: OldDesignator=R32 NewDesignator=R27
Change Component Designator: OldDesignator=R33 NewDesignator=R26
Change Component Designator: OldDesignator=R38 NewDesignator=R20
Change Component Designator: OldDesignator=R39 NewDesignator=R34
Change Component Designator: OldDesignator=R40 NewDesignator=R33
Change Component Designator: OldDesignator=R46 NewDesignator=R7
Change Component Designator: OldDesignator=SW1C NewDesignator=SW1
Change Component Designator: OldDesignator=U1 NewDesignator=U4
Change Component Designator: OldDesignator=U2 NewDesignator=U6
Change Component Designator: OldDesignator=U3 NewDesignator=U5
Change Component Designator: OldDesignator=U4 NewDesignator=U3
Change Component Designator: OldDesignator=U5 NewDesignator=U2
Change Component Designator: OldDesignator=U6 NewDesignator=U7
Change Component Designator: OldDesignator=U7 NewDesignator=U1
